test_all_fields_are_checked_and_missing_field_fails (tests.skill_rls.test_web_repair_confirmation.RlsWebRepairConfirmationTests.test_all_fields_are_checked_and_missing_field_fails) ... ok
test_bare_human_dict_is_rejected_without_target_evidence (tests.skill_rls.test_web_repair_confirmation.RlsWebRepairConfirmationTests.test_bare_human_dict_is_rejected_without_target_evidence) ... ok
test_digest_correct_forged_result_is_rejected (tests.skill_rls.test_web_repair_confirmation.RlsWebRepairConfirmationTests.test_digest_correct_forged_result_is_rejected) ... ok
test_direct_human_target_call_has_no_untrusted_fast_path (tests.skill_rls.test_web_repair_confirmation.RlsWebRepairConfirmationTests.test_direct_human_target_call_has_no_untrusted_fast_path) ... ok
test_expected_and_evidence_wording_cannot_be_silently_replaced (tests.skill_rls.test_web_repair_confirmation.RlsWebRepairConfirmationTests.test_expected_and_evidence_wording_cannot_be_silently_replaced) ... ok
test_explicit_human_fail_stays_fail_when_version_matches (tests.skill_rls.test_web_repair_confirmation.RlsWebRepairConfirmationTests.test_explicit_human_fail_stays_fail_when_version_matches) ... ok
test_failure_injection_is_explicit_and_not_a_pass_override (tests.skill_rls.test_web_repair_confirmation.RlsWebRepairConfirmationTests.test_failure_injection_is_explicit_and_not_a_pass_override) ... ok
test_human_cannot_be_overridden_by_force_fail_or_used_for_automatic (tests.skill_rls.test_web_repair_confirmation.RlsWebRepairConfirmationTests.test_human_cannot_be_overridden_by_force_fail_or_used_for_automatic) ... ok
test_human_consumption_checks_actual_clock (tests.skill_rls.test_web_repair_confirmation.RlsWebRepairConfirmationTests.test_human_consumption_checks_actual_clock) ... ok
test_human_host_record_is_required_not_only_self_consistent_digest (tests.skill_rls.test_web_repair_confirmation.RlsWebRepairConfirmationTests.test_human_host_record_is_required_not_only_self_consistent_digest) ... ok
test_human_invalid_or_future_or_expired_time_rejected_before_write (tests.skill_rls.test_web_repair_confirmation.RlsWebRepairConfirmationTests.test_human_invalid_or_future_or_expired_time_rejected_before_write) ... ok
test_human_pass_requires_real_host_record_and_source (tests.skill_rls.test_web_repair_confirmation.RlsWebRepairConfirmationTests.test_human_pass_requires_real_host_record_and_source) ... ok
test_human_record_rejected_after_target_state_drift (tests.skill_rls.test_web_repair_confirmation.RlsWebRepairConfirmationTests.test_human_record_rejected_after_target_state_drift) ... ok
test_human_requires_explicit_host_attestation (tests.skill_rls.test_web_repair_confirmation.RlsWebRepairConfirmationTests.test_human_requires_explicit_host_attestation) ... ok
test_human_scenario_is_required_before_recording (tests.skill_rls.test_web_repair_confirmation.RlsWebRepairConfirmationTests.test_human_scenario_is_required_before_recording) ... ok
test_human_source_missing_or_tampered_is_rejected (tests.skill_rls.test_web_repair_confirmation.RlsWebRepairConfirmationTests.test_human_source_missing_or_tampered_is_rejected) ... ok
test_human_source_symlink_is_rejected (tests.skill_rls.test_web_repair_confirmation.RlsWebRepairConfirmationTests.test_human_source_symlink_is_rejected) ... ok
test_human_unknown_or_conflicting_fields_are_rejected (tests.skill_rls.test_web_repair_confirmation.RlsWebRepairConfirmationTests.test_human_unknown_or_conflicting_fields_are_rejected) ... ok
test_human_wrong_executor_rejected_before_host_write (tests.skill_rls.test_web_repair_confirmation.RlsWebRepairConfirmationTests.test_human_wrong_executor_rejected_before_host_write) ... ok
test_human_wrong_revision_scope_result_target_and_vfy_binding (tests.skill_rls.test_web_repair_confirmation.RlsWebRepairConfirmationTests.test_human_wrong_revision_scope_result_target_and_vfy_binding) ... ok
test_json_boolean_is_not_integer (tests.skill_rls.test_web_repair_confirmation.RlsWebRepairConfirmationTests.test_json_boolean_is_not_integer) ... ok
test_later_historical_read_does_not_expire_valid_evidence (tests.skill_rls.test_web_repair_confirmation.RlsWebRepairConfirmationTests.test_later_historical_read_does_not_expire_valid_evidence) ... ok
test_oversize_or_binary_human_source_rejected (tests.skill_rls.test_web_repair_confirmation.RlsWebRepairConfirmationTests.test_oversize_or_binary_human_source_rejected) ... ok
test_predicate_parser_rejects_duplicates_nested_paths_and_nonfinite (tests.skill_rls.test_web_repair_confirmation.RlsWebRepairConfirmationTests.test_predicate_parser_rejects_duplicates_nested_paths_and_nonfinite) ... ok
test_secret_rejected_before_human_source_or_record_write (tests.skill_rls.test_web_repair_confirmation.RlsWebRepairConfirmationTests.test_secret_rejected_before_human_source_or_record_write) ... ok
test_supported_health_mismatch_returns_real_fail (tests.skill_rls.test_web_repair_confirmation.RlsWebRepairConfirmationTests.test_supported_health_mismatch_returns_real_fail) ... ok
test_supported_version_pass_is_limited_to_version_contract (tests.skill_rls.test_web_repair_confirmation.RlsWebRepairConfirmationTests.test_supported_version_pass_is_limited_to_version_contract) ... ok
test_unknown_nonversion_expected_does_not_fall_back_to_version (tests.skill_rls.test_web_repair_confirmation.RlsWebRepairConfirmationTests.test_unknown_nonversion_expected_does_not_fall_back_to_version) ... ok
test_default_without_obligations_has_precise_version_only_contract (tests.skill_rls.test_web_repair_confirmation_batch.RlsWebRepairBatchTests.test_default_without_obligations_has_precise_version_only_contract) ... ok
test_distinct_human_records_cover_exact_batch_and_keep_failure (tests.skill_rls.test_web_repair_confirmation_batch.RlsWebRepairBatchTests.test_distinct_human_records_cover_exact_batch_and_keep_failure) ... ok
test_final_evidence_verifier_rejects_rehashed_false_pass (tests.skill_rls.test_web_repair_confirmation_batch.RlsWebRepairBatchTests.test_final_evidence_verifier_rejects_rehashed_false_pass) ... ok
test_first_observation_retained_if_second_evidence_io_fails (tests.skill_rls.test_web_repair_confirmation_batch.RlsWebRepairBatchTests.test_first_observation_retained_if_second_evidence_io_fails) ... ok
test_later_terminal_row_fails_before_first_evidence (tests.skill_rls.test_web_repair_confirmation_batch.RlsWebRepairBatchTests.test_later_terminal_row_fails_before_first_evidence) ... ok
test_later_unknown_contract_fails_before_any_evidence_or_callback (tests.skill_rls.test_web_repair_confirmation_batch.RlsWebRepairBatchTests.test_later_unknown_contract_fails_before_any_evidence_or_callback) ... ok
test_one_human_record_cannot_satisfy_multiple_rcfs (tests.skill_rls.test_web_repair_confirmation_batch.RlsWebRepairBatchTests.test_one_human_record_cannot_satisfy_multiple_rcfs) ... ok
test_pipeline_success_is_not_observation (tests.skill_rls.test_web_repair_confirmation_batch.RlsWebRepairBatchTests.test_pipeline_success_is_not_observation) ... ok
test_actual_human_fail_survives_service_store_and_freeze (tests.skill_rls.test_web_repair_store.RlsWebRepairStoreTests.test_actual_human_fail_survives_service_store_and_freeze) ... ok
test_frozen_human_record_requires_original_source_bytes (tests.skill_rls.test_web_repair_store.RlsWebRepairStoreTests.test_frozen_human_record_requires_original_source_bytes) ... ok
test_host_human_pass_has_exact_readback (tests.skill_rls.test_web_repair_store.RlsWebRepairStoreTests.test_host_human_pass_has_exact_readback) ... ok
test_inherited_supported_health_failure_is_not_version_pass (tests.skill_rls.test_web_repair_store.RlsWebRepairStoreTests.test_inherited_supported_health_failure_is_not_version_pass) ... ok
test_inherited_unsupported_expected_leaves_real_rcf_pending (tests.skill_rls.test_web_repair_store.RlsWebRepairStoreTests.test_inherited_unsupported_expected_leaves_real_rcf_pending) ... ok
test_later_unsupported_rcf_is_rejected_before_first_write (tests.skill_rls.test_web_repair_store.RlsWebRepairStoreTests.test_later_unsupported_rcf_is_rejected_before_first_write) ... ok
test_naked_human_json_cannot_create_pass_or_evidence (tests.skill_rls.test_web_repair_store.RlsWebRepairStoreTests.test_naked_human_json_cannot_create_pass_or_evidence) ... ok
test_rehashed_human_pass_forgery_rejected_by_domain_semantics (tests.skill_rls.test_web_repair_store.RlsWebRepairStoreTests.test_rehashed_human_pass_forgery_rejected_by_domain_semantics) ... ok
test_second_observation_io_failure_preserves_first_store_result (tests.skill_rls.test_web_repair_store.RlsWebRepairStoreTests.test_second_observation_io_failure_preserves_first_store_result) ... ok
test_wrong_rcf_binding_rejected_before_store_or_evidence_change (tests.skill_rls.test_web_repair_store.RlsWebRepairStoreTests.test_wrong_rcf_binding_rejected_before_store_or_evidence_change) ... ok

----------------------------------------------------------------------
Ran 46 tests in 8.124s

OK
