test_after_source_error_uses_both_captured_streams (tests.skill_rls.test_web_repair_redaction_propagation.SensitiveValuePropagationTests.test_after_source_error_uses_both_captured_streams) ... ok
test_all_process_writes_are_safe_not_postprocessed (tests.skill_rls.test_web_repair_redaction_propagation.SensitiveValuePropagationTests.test_all_process_writes_are_safe_not_postprocessed) ... ok
test_argument_generator_is_not_consumed_before_execution (tests.skill_rls.test_web_repair_redaction_propagation.SensitiveValuePropagationTests.test_argument_generator_is_not_consumed_before_execution) ... ok
test_argument_value_with_embedded_equals_and_spaces_is_preserved_for_execution (tests.skill_rls.test_web_repair_redaction_propagation.SensitiveValuePropagationTests.test_argument_value_with_embedded_equals_and_spaces_is_preserved_for_execution) ... ok
test_assignment_in_stderr_masks_unlabelled_stdout (tests.skill_rls.test_web_repair_redaction_propagation.SensitiveValuePropagationTests.test_assignment_in_stderr_masks_unlabelled_stdout) ... ok
test_audit_objects_and_sha_bindings_are_not_credentials (tests.skill_rls.test_web_repair_redaction_propagation.SensitiveValuePropagationTests.test_audit_objects_and_sha_bindings_are_not_credentials) ... ok
test_bearer_header_masks_bare_token_echo (tests.skill_rls.test_web_repair_redaction_propagation.SensitiveValuePropagationTests.test_bearer_header_masks_bare_token_echo) ... ok
test_before_source_error_is_scrubbed_with_invocation_arguments (tests.skill_rls.test_web_repair_redaction_propagation.SensitiveValuePropagationTests.test_before_source_error_is_scrubbed_with_invocation_arguments) ... ok
test_both_existing_streams_and_returned_receipt_remain_identical (tests.skill_rls.test_web_repair_redaction_propagation.SensitiveValuePropagationTests.test_both_existing_streams_and_returned_receipt_remain_identical) ... ok
test_case_insensitive_credential_argument_and_unlabelled_copy (tests.skill_rls.test_web_repair_redaction_propagation.SensitiveValuePropagationTests.test_case_insensitive_credential_argument_and_unlabelled_copy) ... ok
test_child_receives_original_argv_and_environment (tests.skill_rls.test_web_repair_redaction_propagation.SensitiveValuePropagationTests.test_child_receives_original_argv_and_environment) ... ok
test_context_discovered_in_source_metadata_applies_to_streams (tests.skill_rls.test_web_repair_redaction_propagation.SensitiveValuePropagationTests.test_context_discovered_in_source_metadata_applies_to_streams) ... ok
test_context_is_not_shared_between_calls (tests.skill_rls.test_web_repair_redaction_propagation.SensitiveValuePropagationTests.test_context_is_not_shared_between_calls) ... ok
test_deep_objects_fail_closed_before_any_write (tests.skill_rls.test_web_repair_redaction_propagation.SensitiveValuePropagationTests.test_deep_objects_fail_closed_before_any_write) ... ok
test_duplicate_parent_does_not_hide_discarded_nested_secret (tests.skill_rls.test_web_repair_redaction_propagation.SensitiveValuePropagationTests.test_duplicate_parent_does_not_hide_discarded_nested_secret) ... ok
test_duplicate_sensitive_keys_do_not_hide_earlier_values (tests.skill_rls.test_web_repair_redaction_propagation.SensitiveValuePropagationTests.test_duplicate_sensitive_keys_do_not_hide_earlier_values) ... ok
test_environment_argv_and_object_secrets_share_one_context (tests.skill_rls.test_web_repair_redaction_propagation.SensitiveValuePropagationTests.test_environment_argv_and_object_secrets_share_one_context) ... ok
test_equals_credential_argument_echoes_in_both_real_streams (tests.skill_rls.test_web_repair_redaction_propagation.SensitiveValuePropagationTests.test_equals_credential_argument_echoes_in_both_real_streams) ... ok
test_escaped_duplicate_secret_is_normalized_not_retained (tests.skill_rls.test_web_repair_redaction_propagation.SensitiveValuePropagationTests.test_escaped_duplicate_secret_is_normalized_not_retained) ... ok
test_explicit_numeric_sensitive_value_masks_numeric_echo (tests.skill_rls.test_web_repair_redaction_propagation.SensitiveValuePropagationTests.test_explicit_numeric_sensitive_value_masks_numeric_echo) ... ok
test_explicit_short_value_is_not_excluded_by_entropy_heuristic (tests.skill_rls.test_web_repair_redaction_propagation.SensitiveValuePropagationTests.test_explicit_short_value_is_not_excluded_by_entropy_heuristic) ... ok
test_git_error_combines_both_streams_and_argument_context (tests.skill_rls.test_web_repair_redaction_propagation.SensitiveValuePropagationTests.test_git_error_combines_both_streams_and_argument_context) ... ok
test_header_argument_propagates_token_to_real_child_streams (tests.skill_rls.test_web_repair_redaction_propagation.SensitiveValuePropagationTests.test_header_argument_propagates_token_to_real_child_streams) ... ok
test_invalid_utf8_and_cross_stream_credential_still_bind_safe_bytes (tests.skill_rls.test_web_repair_redaction_propagation.SensitiveValuePropagationTests.test_invalid_utf8_and_cross_stream_credential_still_bind_safe_bytes) ... ok
test_json_argument_payload_propagates_to_real_child_streams (tests.skill_rls.test_web_repair_redaction_propagation.SensitiveValuePropagationTests.test_json_argument_payload_propagates_to_real_child_streams) ... ok
test_json_lines_share_sensitive_values (tests.skill_rls.test_web_repair_redaction_propagation.SensitiveValuePropagationTests.test_json_lines_share_sensitive_values) ... ok
test_json_lines_with_escaped_unicode_quotes_and_newlines (tests.skill_rls.test_web_repair_redaction_propagation.SensitiveValuePropagationTests.test_json_lines_with_escaped_unicode_quotes_and_newlines) ... ok
test_late_context_cannot_silently_invalidate_previously_bound_receipt (tests.skill_rls.test_web_repair_redaction_propagation.SensitiveValuePropagationTests.test_late_context_cannot_silently_invalidate_previously_bound_receipt) ... ok
test_many_context_values_fail_closed_before_any_write (tests.skill_rls.test_web_repair_redaction_propagation.SensitiveValuePropagationTests.test_many_context_values_fail_closed_before_any_write) ... ok
test_marker_prefix_does_not_hide_a_sensitive_value_suffix (tests.skill_rls.test_web_repair_redaction_propagation.SensitiveValuePropagationTests.test_marker_prefix_does_not_hide_a_sensitive_value_suffix) ... ok
test_mixed_prose_and_json_propagates_without_breaking_json (tests.skill_rls.test_web_repair_redaction_propagation.SensitiveValuePropagationTests.test_mixed_prose_and_json_propagates_without_breaking_json) ... ok
test_nested_encoded_json_masks_outer_sibling (tests.skill_rls.test_web_repair_redaction_propagation.SensitiveValuePropagationTests.test_nested_encoded_json_masks_outer_sibling) ... ok
test_nested_writer_discovers_across_siblings_before_first_write (tests.skill_rls.test_web_repair_redaction_propagation.SensitiveValuePropagationTests.test_nested_writer_discovers_across_siblings_before_first_write) ... ok
test_nested_writer_retains_json_and_domain_bindings (tests.skill_rls.test_web_repair_redaction_propagation.SensitiveValuePropagationTests.test_nested_writer_retains_json_and_domain_bindings) ... ok
test_nonfinite_nested_output_is_rejected_before_write (tests.skill_rls.test_web_repair_redaction_propagation.SensitiveValuePropagationTests.test_nonfinite_nested_output_is_rejected_before_write) ... ok
test_nonzero_exit_does_not_bypass_propagation (tests.skill_rls.test_web_repair_redaction_propagation.SensitiveValuePropagationTests.test_nonzero_exit_does_not_bypass_propagation) ... ok
test_normal_nested_attest_shape_does_not_hit_depth_limit (tests.skill_rls.test_web_repair_redaction_propagation.SensitiveValuePropagationTests.test_normal_nested_attest_shape_does_not_hit_depth_limit) ... ok
test_oserror_uses_credential_argument_context (tests.skill_rls.test_web_repair_redaction_propagation.SensitiveValuePropagationTests.test_oserror_uses_credential_argument_context) ... ok
test_program_variable_name_is_not_treated_as_a_password_value (tests.skill_rls.test_web_repair_redaction_propagation.SensitiveValuePropagationTests.test_program_variable_name_is_not_treated_as_a_password_value) ... ok
test_public_argv_redactor_masks_unlabelled_duplicate_argument (tests.skill_rls.test_web_repair_redaction_propagation.SensitiveValuePropagationTests.test_public_argv_redactor_masks_unlabelled_duplicate_argument) ... ok
test_real_nested_writer_scrubs_its_own_file_before_parent_capture (tests.skill_rls.test_web_repair_redaction_propagation.SensitiveValuePropagationTests.test_real_nested_writer_scrubs_its_own_file_before_parent_capture) ... ok
test_real_stderr_secret_masks_earlier_stdout (tests.skill_rls.test_web_repair_redaction_propagation.SensitiveValuePropagationTests.test_real_stderr_secret_masks_earlier_stdout) ... ok
test_real_stdout_secret_masks_stderr (tests.skill_rls.test_web_repair_redaction_propagation.SensitiveValuePropagationTests.test_real_stdout_secret_masks_stderr) ... ok
test_real_structured_secret_masks_an_earlier_sibling (tests.skill_rls.test_web_repair_redaction_propagation.SensitiveValuePropagationTests.test_real_structured_secret_masks_an_earlier_sibling) ... ok
test_real_timeout_argument_echo_is_redacted (tests.skill_rls.test_web_repair_redaction_propagation.SensitiveValuePropagationTests.test_real_timeout_argument_echo_is_redacted) ... ok
test_repeated_redaction_is_idempotent_with_overlapping_values (tests.skill_rls.test_web_repair_redaction_propagation.SensitiveValuePropagationTests.test_repeated_redaction_is_idempotent_with_overlapping_values) ... ok
test_safe_nested_receipt_roundtrip_preserves_archived_hashes (tests.skill_rls.test_web_repair_redaction_propagation.SensitiveValuePropagationTests.test_safe_nested_receipt_roundtrip_preserves_archived_hashes) ... ok
test_scalar_json_string_echo_is_redacted_after_decoding (tests.skill_rls.test_web_repair_redaction_propagation.SensitiveValuePropagationTests.test_scalar_json_string_echo_is_redacted_after_decoding) ... ok
test_secret_in_nested_list_masks_other_stream (tests.skill_rls.test_web_repair_redaction_propagation.SensitiveValuePropagationTests.test_secret_in_nested_list_masks_other_stream) ... ok
test_sensitive_locator_is_rejected_instead_of_written_or_lied_about (tests.skill_rls.test_web_repair_redaction_propagation.SensitiveValuePropagationTests.test_sensitive_locator_is_rejected_instead_of_written_or_lied_about) ... ok
test_sensitive_object_masks_its_leaf_values_elsewhere (tests.skill_rls.test_web_repair_redaction_propagation.SensitiveValuePropagationTests.test_sensitive_object_masks_its_leaf_values_elsewhere) ... ok
test_separate_credential_argument_echoes_in_both_real_streams (tests.skill_rls.test_web_repair_redaction_propagation.SensitiveValuePropagationTests.test_separate_credential_argument_echoes_in_both_real_streams) ... ok
test_source_change_still_fails_after_scrubbing (tests.skill_rls.test_web_repair_redaction_propagation.SensitiveValuePropagationTests.test_source_change_still_fails_after_scrubbing) ... ok
test_timeout_retains_captured_cross_stream_context (tests.skill_rls.test_web_repair_redaction_propagation.SensitiveValuePropagationTests.test_timeout_retains_captured_cross_stream_context) ... ok
test_unterminated_quoted_credential_does_not_drop_last_character (tests.skill_rls.test_web_repair_redaction_propagation.SensitiveValuePropagationTests.test_unterminated_quoted_credential_does_not_drop_last_character) ... ok
test_url_password_masks_bare_password_echo (tests.skill_rls.test_web_repair_redaction_propagation.SensitiveValuePropagationTests.test_url_password_masks_bare_password_echo) ... ok
test_actual_argv_retained_for_execution_but_not_receipt (tests.skill_rls.test_web_repair_redaction.RlsWebRepairRedactionTests.test_actual_argv_retained_for_execution_but_not_receipt) ... ok
test_actual_subprocess_stdout_stderr (tests.skill_rls.test_web_repair_redaction.RlsWebRepairRedactionTests.test_actual_subprocess_stdout_stderr) ... ok
test_child_test_runner_redacts_before_its_own_json_write (tests.skill_rls.test_web_repair_redaction.RlsWebRepairRedactionTests.test_child_test_runner_redacts_before_its_own_json_write) ... ok
test_domain_effect_authorization_is_not_a_credential_header (tests.skill_rls.test_web_repair_redaction.RlsWebRepairRedactionTests.test_domain_effect_authorization_is_not_a_credential_header) ... ok
test_independence_outer_exception_is_redacted_before_disk_and_stderr (tests.skill_rls.test_web_repair_redaction.RlsWebRepairRedactionTests.test_independence_outer_exception_is_redacted_before_disk_and_stderr) ... ok
test_invalid_utf8_hashes_bind_archived_bytes (tests.skill_rls.test_web_repair_redaction.RlsWebRepairRedactionTests.test_invalid_utf8_hashes_bind_archived_bytes) ... ok
test_json_object_credential_is_redacted_without_breaking_json (tests.skill_rls.test_web_repair_redaction.RlsWebRepairRedactionTests.test_json_object_credential_is_redacted_without_breaking_json) ... ok
test_json_output_remains_parseable_and_hashes_stable (tests.skill_rls.test_web_repair_redaction.RlsWebRepairRedactionTests.test_json_output_remains_parseable_and_hashes_stable) ... ok
test_known_secret_environment_value_is_redacted (tests.skill_rls.test_web_repair_redaction.RlsWebRepairRedactionTests.test_known_secret_environment_value_is_redacted) ... ok
test_nested_json_and_argv_are_redacted (tests.skill_rls.test_web_repair_redaction.RlsWebRepairRedactionTests.test_nested_json_and_argv_are_redacted) ... ok
test_nonsecret_authority_digests_and_ordinary_output_preserved (tests.skill_rls.test_web_repair_redaction.RlsWebRepairRedactionTests.test_nonsecret_authority_digests_and_ordinary_output_preserved) ... ok
test_oserror_redacted (tests.skill_rls.test_web_repair_redaction.RlsWebRepairRedactionTests.test_oserror_redacted) ... ok
test_path_environment_secret_redaction_does_not_leak_nested_result (tests.skill_rls.test_web_repair_redaction.RlsWebRepairRedactionTests.test_path_environment_secret_redaction_does_not_leak_nested_result) ... ok
test_policy_is_idempotent_for_text_and_objects (tests.skill_rls.test_web_repair_redaction.RlsWebRepairRedactionTests.test_policy_is_idempotent_for_text_and_objects) ... ok
test_prefixed_credentials_private_key_and_headers (tests.skill_rls.test_web_repair_redaction.RlsWebRepairRedactionTests.test_prefixed_credentials_private_key_and_headers) ... ok
test_stdout_and_stderr_are_redacted_before_write (tests.skill_rls.test_web_repair_redaction.RlsWebRepairRedactionTests.test_stdout_and_stderr_are_redacted_before_write) ... ok
test_timeout_streams_and_partial_private_key (tests.skill_rls.test_web_repair_redaction.RlsWebRepairRedactionTests.test_timeout_streams_and_partial_private_key) ... ok
test_timeout_with_text_streams (tests.skill_rls.test_web_repair_redaction.RlsWebRepairRedactionTests.test_timeout_with_text_streams) ... ok

----------------------------------------------------------------------
Ran 74 tests in 0.573s

OK
