{
  "check_read_only": true,
  "commands": [
    {
      "command": [
        "/opt/homebrew/opt/python@3.14/bin/python3.14",
        "/var/folders/k9/zv9qrcrn1f32drkcdhms3gx80000gn/T/vfy-installed-7nlslc9i/plugin/skills/sdlc-500-vfy/scripts/runtime.py",
        "help"
      ],
      "cwd": "/var/folders/k9/zv9qrcrn1f32drkcdhms3gx80000gn/T/vfy-installed-7nlslc9i/project",
      "exit_code": 0,
      "name": "help",
      "stderr_sha256": "e3b0c44298fc1c149afbf4c8996fb92427ae41e4649b934ca495991b7852b855",
      "stdout_sha256": "68497804a53be7d64b800e80c9e990d12b30e5da31625bf69089c80b32967c07"
    },
    {
      "command": [
        "/opt/homebrew/opt/python@3.14/bin/python3.14",
        "/var/folders/k9/zv9qrcrn1f32drkcdhms3gx80000gn/T/vfy-installed-7nlslc9i/plugin/skills/sdlc-500-vfy/scripts/runtime.py",
        "version"
      ],
      "cwd": "/var/folders/k9/zv9qrcrn1f32drkcdhms3gx80000gn/T/vfy-installed-7nlslc9i/project",
      "exit_code": 0,
      "name": "version",
      "stderr_sha256": "e3b0c44298fc1c149afbf4c8996fb92427ae41e4649b934ca495991b7852b855",
      "stdout_sha256": "c1a4a857be468d1fad357ff73120cb458b873d36eb8ca2b0a8ac5ab6f3a04371"
    },
    {
      "command": [
        "/opt/homebrew/opt/python@3.14/bin/python3.14",
        "/var/folders/k9/zv9qrcrn1f32drkcdhms3gx80000gn/T/vfy-installed-7nlslc9i/plugin/skills/sdlc-500-vfy/scripts/runtime.py",
        "commands"
      ],
      "cwd": "/var/folders/k9/zv9qrcrn1f32drkcdhms3gx80000gn/T/vfy-installed-7nlslc9i/project",
      "exit_code": 0,
      "name": "commands",
      "stderr_sha256": "e3b0c44298fc1c149afbf4c8996fb92427ae41e4649b934ca495991b7852b855",
      "stdout_sha256": "e660464101c2ee8a65f6697c1d5558842a95250739ae8b556a8c75b424eff4d7"
    },
    {
      "command": [
        "/opt/homebrew/opt/python@3.14/bin/python3.14",
        "/var/folders/k9/zv9qrcrn1f32drkcdhms3gx80000gn/T/vfy-installed-7nlslc9i/plugin/skills/sdlc-500-vfy/scripts/runtime.py",
        "examples"
      ],
      "cwd": "/var/folders/k9/zv9qrcrn1f32drkcdhms3gx80000gn/T/vfy-installed-7nlslc9i/project",
      "exit_code": 0,
      "name": "examples",
      "stderr_sha256": "e3b0c44298fc1c149afbf4c8996fb92427ae41e4649b934ca495991b7852b855",
      "stdout_sha256": "95c092a6d02cd84a143dd18d0316cf782fb8025a12fa3a0d809b5c62f1ed4230"
    },
    {
      "command": [
        "/opt/homebrew/opt/python@3.14/bin/python3.14",
        "/var/folders/k9/zv9qrcrn1f32drkcdhms3gx80000gn/T/vfy-installed-7nlslc9i/plugin/skills/sdlc-500-vfy/scripts/runtime.py",
        "create",
        "--project-root",
        "/var/folders/k9/zv9qrcrn1f32drkcdhms3gx80000gn/T/vfy-installed-7nlslc9i/project",
        "--output",
        "json",
        "--input",
        "PLN-20260904010000-01@1",
        "--input",
        "IMP-20260904010000-01@1/RESULT-RES-001"
      ],
      "cwd": "/var/folders/k9/zv9qrcrn1f32drkcdhms3gx80000gn/T/vfy-installed-7nlslc9i/project",
      "exit_code": 0,
      "name": "create",
      "stderr_sha256": "e3b0c44298fc1c149afbf4c8996fb92427ae41e4649b934ca495991b7852b855",
      "stdout_sha256": "882a8666fb442281bb247eb6c3cff6783f334ec052682133899912f951abccba"
    },
    {
      "command": [
        "/opt/homebrew/opt/python@3.14/bin/python3.14",
        "/var/folders/k9/zv9qrcrn1f32drkcdhms3gx80000gn/T/vfy-installed-7nlslc9i/plugin/skills/sdlc-500-vfy/scripts/runtime.py",
        "run",
        "--project-root",
        "/var/folders/k9/zv9qrcrn1f32drkcdhms3gx80000gn/T/vfy-installed-7nlslc9i/project",
        "--reference",
        "VFY-20260905113637-01@1",
        "--output",
        "json"
      ],
      "cwd": "/var/folders/k9/zv9qrcrn1f32drkcdhms3gx80000gn/T/vfy-installed-7nlslc9i/project",
      "exit_code": 0,
      "name": "run",
      "stderr_sha256": "e3b0c44298fc1c149afbf4c8996fb92427ae41e4649b934ca495991b7852b855",
      "stdout_sha256": "d386d3d24450c28b5640ce60bf04e4387adc5355595ce69c502abf875540bc60"
    },
    {
      "command": [
        "/opt/homebrew/opt/python@3.14/bin/python3.14",
        "-c",
        "\nimport json\nfrom pathlib import Path\nimport sys\n\ninstalled = Path(sys.argv[1])\nroot = Path(sys.argv[2])\nlabel = sys.argv[3]\nmode = sys.argv[4]\nsys.path[:0] = [str(installed), str(installed / \"skills/sdlc-500-vfy/scripts\")]\n\nfrom packages.sdlc_artifact_store import compute_sha256\nfrom packages.sdlc_runtime.authority import (\n    DELEGATED_AUTHORITY_HEADERS,\n    DELEGATED_EXCLUDED_AUTHORITY,\n    DELEGATED_INDEPENDENCE,\n)\nfrom vfy_handler import VfyHandler\n\nstate = json.load(sys.stdin)\nbindings = VfyHandler(root).confirmation_requirements(state)\nauthority_dir = root / \".sdlc/authority\"\nauthority_dir.mkdir(parents=True, exist_ok=True)\nif mode == \"human\":\n    raw = b\"decision: approved\\nauthority: product owner\\n\"\n    authority = authority_dir / f\"vfy-installed-{label}-human.txt\"\n    authority.write_bytes(raw)\n    accepted = [\n        f\"{state['artifact']['reference']}#{item['id']}\"\n        for item in state.get(\"exceptions\", [])\n        if item.get(\"state\") in {\"active\", \"carried\"}\n    ]\n    print(json.dumps({\n        \"mode\": \"human\",\n        \"confirmer\": \"installed-product-owner\",\n        \"role\": \"Product Owner\",\n        \"authority_reference\": authority.relative_to(root).as_posix() + \"@\" + compute_sha256(raw),\n        \"accepted_exception_references\": accepted,\n        \"confirmed_at\": \"2026-09-04T10:30:00Z\",\n        **bindings,\n    }, sort_keys=True))\n    raise SystemExit(0)\nif mode != \"delegated\":\n    raise SystemExit(\"unsupported confirmation mode\")\nbasis = authority_dir / f\"vfy-installed-{label}-delegation.txt\"\nbasis.write_text(\"Independent deterministic VFY contract review authority.\\n\", encoding=\"utf-8\")\nbasis_reference = basis.relative_to(root).as_posix() + \"@\" + compute_sha256(basis.read_bytes())\nreviewer = \"installed-independent-reviewer\"\nexecutors = {\n    item[\"executor_identity\"]\n    for item in state[\"methods\"]\n    if item[\"disposition\"] in {\"required\", \"embedded\"}\n}\nif len(executors) != 1:\n    raise SystemExit(\"installed fixture requires one exact Executor identity\")\nexecutor = next(iter(executors))\nvalues = (\n    basis_reference,\n    reviewer,\n    \"Delegated Independent Reviewer\",\n    executor,\n    DELEGATED_INDEPENDENCE,\n    bindings[\"control_input_digest\"],\n    bindings[\"evaluation_contract_set\"],\n    bindings[\"check_set_result_digest\"],\n    DELEGATED_EXCLUDED_AUTHORITY,\n)\nraw = (\"\\n\".join((\n    \"---\",\n    \"contract: sdlc-ai-spec/final-confirmation-authority/v1\",\n    f\"artifact: {state['artifact']['reference']}\",\n    \"decision: approved\",\n    \"decided_at: 2026-09-04T10:30:00Z\",\n    \"---\",\n    \"\",\n    \"| \" + \" | \".join(DELEGATED_AUTHORITY_HEADERS) + \" |\",\n    \"|\" + \"|\".join(\"---\" for _ in DELEGATED_AUTHORITY_HEADERS) + \"|\",\n    \"| \" + \" | \".join(values) + \" |\",\n)) + \"\\n\").encode(\"utf-8\")\nauthority = authority_dir / f\"vfy-installed-{label}-confirmation.md\"\nauthority.write_bytes(raw)\nprint(json.dumps({\n    \"mode\": \"delegated\",\n    \"confirmer\": reviewer,\n    \"role\": \"Delegated Independent Reviewer\",\n    \"reviewed_executor\": executor,\n    \"authority_reference\": authority.relative_to(root).as_posix() + \"@\" + compute_sha256(raw),\n    \"accepted_exception_references\": [],\n    \"confirmed_at\": \"2026-09-04T10:30:00Z\",\n    **bindings,\n}, sort_keys=True))\n",
        "/var/folders/k9/zv9qrcrn1f32drkcdhms3gx80000gn/T/vfy-installed-7nlslc9i/plugin",
        "/var/folders/k9/zv9qrcrn1f32drkcdhms3gx80000gn/T/vfy-installed-7nlslc9i/project",
        "pass",
        "delegated"
      ],
      "cwd": "/var/folders/k9/zv9qrcrn1f32drkcdhms3gx80000gn/T/vfy-installed-7nlslc9i/project",
      "exit_code": 0,
      "name": "delegated_confirmation_pass",
      "stderr_sha256": "e3b0c44298fc1c149afbf4c8996fb92427ae41e4649b934ca495991b7852b855",
      "stdout_sha256": "855eab57c7649d5a7b85f992ebc0a6a8e83c1f4d4629b6b257c0b2505c56bfe0"
    },
    {
      "command": [
        "/opt/homebrew/opt/python@3.14/bin/python3.14",
        "/var/folders/k9/zv9qrcrn1f32drkcdhms3gx80000gn/T/vfy-installed-7nlslc9i/plugin/skills/sdlc-500-vfy/scripts/runtime.py",
        "run",
        "--project-root",
        "/var/folders/k9/zv9qrcrn1f32drkcdhms3gx80000gn/T/vfy-installed-7nlslc9i/project",
        "--reference",
        "VFY-20260905113637-01@1",
        "--output",
        "json"
      ],
      "cwd": "/var/folders/k9/zv9qrcrn1f32drkcdhms3gx80000gn/T/vfy-installed-7nlslc9i/project",
      "exit_code": 0,
      "name": "finalize",
      "stderr_sha256": "e3b0c44298fc1c149afbf4c8996fb92427ae41e4649b934ca495991b7852b855",
      "stdout_sha256": "f9c3aa6dc68e68ea1e37778b325affade01d6c473e8d9398fcabc837129a3687"
    },
    {
      "command": [
        "/opt/homebrew/opt/python@3.14/bin/python3.14",
        "/var/folders/k9/zv9qrcrn1f32drkcdhms3gx80000gn/T/vfy-installed-7nlslc9i/plugin/skills/sdlc-500-vfy/scripts/runtime.py",
        "check",
        "--project-root",
        "/var/folders/k9/zv9qrcrn1f32drkcdhms3gx80000gn/T/vfy-installed-7nlslc9i/project",
        "--reference",
        "VFY-20260905113637-01@1",
        "--output",
        "json"
      ],
      "cwd": "/var/folders/k9/zv9qrcrn1f32drkcdhms3gx80000gn/T/vfy-installed-7nlslc9i/project",
      "exit_code": 0,
      "name": "check",
      "stderr_sha256": "e3b0c44298fc1c149afbf4c8996fb92427ae41e4649b934ca495991b7852b855",
      "stdout_sha256": "b2a1ec31dbaea8ce945508bdc2b4954bda2e9461e3ba561d9f8839be992ad5c8"
    },
    {
      "command": [
        "/opt/homebrew/opt/python@3.14/bin/python3.14",
        "/var/folders/k9/zv9qrcrn1f32drkcdhms3gx80000gn/T/vfy-installed-7nlslc9i/plugin/skills/sdlc-500-vfy/scripts/runtime.py",
        "revise",
        "--project-root",
        "/var/folders/k9/zv9qrcrn1f32drkcdhms3gx80000gn/T/vfy-installed-7nlslc9i/project",
        "--reference",
        "VFY-20260905113637-01@1",
        "--output",
        "json",
        "--input",
        "PLN-20260904010000-01@1",
        "--input",
        "IMP-20260904010000-01@1/RESULT-RES-001"
      ],
      "cwd": "/var/folders/k9/zv9qrcrn1f32drkcdhms3gx80000gn/T/vfy-installed-7nlslc9i/project",
      "exit_code": 0,
      "name": "revise",
      "stderr_sha256": "e3b0c44298fc1c149afbf4c8996fb92427ae41e4649b934ca495991b7852b855",
      "stdout_sha256": "c8dee5926eb018b349ecddb8c3c7d9090132a9c11c0f5d478333bcd183e398a3"
    },
    {
      "command": [
        "/opt/homebrew/opt/python@3.14/bin/python3.14",
        "/var/folders/k9/zv9qrcrn1f32drkcdhms3gx80000gn/T/vfy-installed-7nlslc9i/plugin/skills/sdlc-500-vfy/scripts/runtime.py",
        "create",
        "--project-root",
        "/var/folders/k9/zv9qrcrn1f32drkcdhms3gx80000gn/T/vfy-installed-7nlslc9i/return-project",
        "--output",
        "json",
        "--input",
        "PLN-20260904010000-01@1",
        "--input",
        "IMP-20260904010000-01@1/RESULT-RES-001"
      ],
      "cwd": "/var/folders/k9/zv9qrcrn1f32drkcdhms3gx80000gn/T/vfy-installed-7nlslc9i/return-project",
      "exit_code": 0,
      "name": "return_create",
      "stderr_sha256": "e3b0c44298fc1c149afbf4c8996fb92427ae41e4649b934ca495991b7852b855",
      "stdout_sha256": "2b8cc504063f9eb0df7d042b0a3f17a9e8d624d58ae6be30b83c82865b87cd04"
    },
    {
      "command": [
        "/opt/homebrew/opt/python@3.14/bin/python3.14",
        "/var/folders/k9/zv9qrcrn1f32drkcdhms3gx80000gn/T/vfy-installed-7nlslc9i/plugin/skills/sdlc-500-vfy/scripts/runtime.py",
        "run",
        "--project-root",
        "/var/folders/k9/zv9qrcrn1f32drkcdhms3gx80000gn/T/vfy-installed-7nlslc9i/return-project",
        "--reference",
        "VFY-20260905113639-01@1",
        "--output",
        "json"
      ],
      "cwd": "/var/folders/k9/zv9qrcrn1f32drkcdhms3gx80000gn/T/vfy-installed-7nlslc9i/return-project",
      "exit_code": 0,
      "name": "return",
      "stderr_sha256": "e3b0c44298fc1c149afbf4c8996fb92427ae41e4649b934ca495991b7852b855",
      "stdout_sha256": "522e04bc3f7a794fa98532aa57dea54d601ae115780af164f07fbc27506d7efa"
    },
    {
      "command": [
        "/opt/homebrew/opt/python@3.14/bin/python3.14",
        "-c",
        "\nimport json\nfrom pathlib import Path\nimport sys\n\ninstalled = Path(sys.argv[1])\nroot = Path(sys.argv[2])\nlabel = sys.argv[3]\nmode = sys.argv[4]\nsys.path[:0] = [str(installed), str(installed / \"skills/sdlc-500-vfy/scripts\")]\n\nfrom packages.sdlc_artifact_store import compute_sha256\nfrom packages.sdlc_runtime.authority import (\n    DELEGATED_AUTHORITY_HEADERS,\n    DELEGATED_EXCLUDED_AUTHORITY,\n    DELEGATED_INDEPENDENCE,\n)\nfrom vfy_handler import VfyHandler\n\nstate = json.load(sys.stdin)\nbindings = VfyHandler(root).confirmation_requirements(state)\nauthority_dir = root / \".sdlc/authority\"\nauthority_dir.mkdir(parents=True, exist_ok=True)\nif mode == \"human\":\n    raw = b\"decision: approved\\nauthority: product owner\\n\"\n    authority = authority_dir / f\"vfy-installed-{label}-human.txt\"\n    authority.write_bytes(raw)\n    accepted = [\n        f\"{state['artifact']['reference']}#{item['id']}\"\n        for item in state.get(\"exceptions\", [])\n        if item.get(\"state\") in {\"active\", \"carried\"}\n    ]\n    print(json.dumps({\n        \"mode\": \"human\",\n        \"confirmer\": \"installed-product-owner\",\n        \"role\": \"Product Owner\",\n        \"authority_reference\": authority.relative_to(root).as_posix() + \"@\" + compute_sha256(raw),\n        \"accepted_exception_references\": accepted,\n        \"confirmed_at\": \"2026-09-04T10:30:00Z\",\n        **bindings,\n    }, sort_keys=True))\n    raise SystemExit(0)\nif mode != \"delegated\":\n    raise SystemExit(\"unsupported confirmation mode\")\nbasis = authority_dir / f\"vfy-installed-{label}-delegation.txt\"\nbasis.write_text(\"Independent deterministic VFY contract review authority.\\n\", encoding=\"utf-8\")\nbasis_reference = basis.relative_to(root).as_posix() + \"@\" + compute_sha256(basis.read_bytes())\nreviewer = \"installed-independent-reviewer\"\nexecutors = {\n    item[\"executor_identity\"]\n    for item in state[\"methods\"]\n    if item[\"disposition\"] in {\"required\", \"embedded\"}\n}\nif len(executors) != 1:\n    raise SystemExit(\"installed fixture requires one exact Executor identity\")\nexecutor = next(iter(executors))\nvalues = (\n    basis_reference,\n    reviewer,\n    \"Delegated Independent Reviewer\",\n    executor,\n    DELEGATED_INDEPENDENCE,\n    bindings[\"control_input_digest\"],\n    bindings[\"evaluation_contract_set\"],\n    bindings[\"check_set_result_digest\"],\n    DELEGATED_EXCLUDED_AUTHORITY,\n)\nraw = (\"\\n\".join((\n    \"---\",\n    \"contract: sdlc-ai-spec/final-confirmation-authority/v1\",\n    f\"artifact: {state['artifact']['reference']}\",\n    \"decision: approved\",\n    \"decided_at: 2026-09-04T10:30:00Z\",\n    \"---\",\n    \"\",\n    \"| \" + \" | \".join(DELEGATED_AUTHORITY_HEADERS) + \" |\",\n    \"|\" + \"|\".join(\"---\" for _ in DELEGATED_AUTHORITY_HEADERS) + \"|\",\n    \"| \" + \" | \".join(values) + \" |\",\n)) + \"\\n\").encode(\"utf-8\")\nauthority = authority_dir / f\"vfy-installed-{label}-confirmation.md\"\nauthority.write_bytes(raw)\nprint(json.dumps({\n    \"mode\": \"delegated\",\n    \"confirmer\": reviewer,\n    \"role\": \"Delegated Independent Reviewer\",\n    \"reviewed_executor\": executor,\n    \"authority_reference\": authority.relative_to(root).as_posix() + \"@\" + compute_sha256(raw),\n    \"accepted_exception_references\": [],\n    \"confirmed_at\": \"2026-09-04T10:30:00Z\",\n    **bindings,\n}, sort_keys=True))\n",
        "/var/folders/k9/zv9qrcrn1f32drkcdhms3gx80000gn/T/vfy-installed-7nlslc9i/plugin",
        "/var/folders/k9/zv9qrcrn1f32drkcdhms3gx80000gn/T/vfy-installed-7nlslc9i/return-project",
        "return",
        "delegated"
      ],
      "cwd": "/var/folders/k9/zv9qrcrn1f32drkcdhms3gx80000gn/T/vfy-installed-7nlslc9i/return-project",
      "exit_code": 0,
      "name": "delegated_confirmation_return",
      "stderr_sha256": "e3b0c44298fc1c149afbf4c8996fb92427ae41e4649b934ca495991b7852b855",
      "stdout_sha256": "fde8a3e941480db6fe3d6808f01230516c78eda2cf018b4a9390e5ad12d4682c"
    },
    {
      "command": [
        "/opt/homebrew/opt/python@3.14/bin/python3.14",
        "/var/folders/k9/zv9qrcrn1f32drkcdhms3gx80000gn/T/vfy-installed-7nlslc9i/plugin/skills/sdlc-500-vfy/scripts/runtime.py",
        "run",
        "--project-root",
        "/var/folders/k9/zv9qrcrn1f32drkcdhms3gx80000gn/T/vfy-installed-7nlslc9i/return-project",
        "--reference",
        "VFY-20260905113639-01@1",
        "--output",
        "json"
      ],
      "cwd": "/var/folders/k9/zv9qrcrn1f32drkcdhms3gx80000gn/T/vfy-installed-7nlslc9i/return-project",
      "exit_code": 0,
      "name": "return_finalize",
      "stderr_sha256": "e3b0c44298fc1c149afbf4c8996fb92427ae41e4649b934ca495991b7852b855",
      "stdout_sha256": "237a0181e95e03dae95963af4f84438d9ad8547e0fc2f9f9eb8d5d0afecb214e"
    },
    {
      "command": [
        "/opt/homebrew/opt/python@3.14/bin/python3.14",
        "-c",
        "\nimport json\nfrom pathlib import Path\nimport sys\n\ninstalled = Path(sys.argv[1])\nsys.path[:0] = [\n    str(installed),\n    str(installed / \"skills/sdlc-status/scripts\"),\n]\nfrom packages.sdlc_lifecycle.query_vfy import project_vfy_state\nfrom vfy_projection import project_vfy_status\n\nstate = json.load(sys.stdin)\nprint(json.dumps({\n    \"lifecycle\": project_vfy_state(state).to_dict(),\n    \"status\": project_vfy_status(state),\n}, sort_keys=True))\n",
        "/var/folders/k9/zv9qrcrn1f32drkcdhms3gx80000gn/T/vfy-installed-7nlslc9i/plugin"
      ],
      "cwd": "/var/folders/k9/zv9qrcrn1f32drkcdhms3gx80000gn/T/vfy-installed-7nlslc9i/return-project",
      "exit_code": 0,
      "name": "lifecycle_projection",
      "stderr_sha256": "e3b0c44298fc1c149afbf4c8996fb92427ae41e4649b934ca495991b7852b855",
      "stdout_sha256": "d8c1f47d1c04bd93f1b0f4d0564d1366ef9414b86bb849b069cfc611a7d5b7f4"
    },
    {
      "command": [
        "/opt/homebrew/opt/python@3.14/bin/python3.14",
        "/var/folders/k9/zv9qrcrn1f32drkcdhms3gx80000gn/T/vfy-installed-7nlslc9i/plugin/skills/sdlc-500-vfy/scripts/runtime.py",
        "create",
        "--project-root",
        "/var/folders/k9/zv9qrcrn1f32drkcdhms3gx80000gn/T/vfy-installed-7nlslc9i/exception-project",
        "--output",
        "json"
      ],
      "cwd": "/var/folders/k9/zv9qrcrn1f32drkcdhms3gx80000gn/T/vfy-installed-7nlslc9i/exception-project",
      "exit_code": 0,
      "name": "exception_create",
      "stderr_sha256": "e3b0c44298fc1c149afbf4c8996fb92427ae41e4649b934ca495991b7852b855",
      "stdout_sha256": "65ca52d092919fd44f70a1aac5186e1ef931dc7c1caed7bd734cd4078ef44f87"
    },
    {
      "command": [
        "/opt/homebrew/opt/python@3.14/bin/python3.14",
        "-c",
        "\nimport json\nfrom pathlib import Path\nimport sys\n\ninstalled = Path(sys.argv[1])\nroot = Path(sys.argv[2])\nlabel = sys.argv[3]\nmode = sys.argv[4]\nsys.path[:0] = [str(installed), str(installed / \"skills/sdlc-500-vfy/scripts\")]\n\nfrom packages.sdlc_artifact_store import compute_sha256\nfrom packages.sdlc_runtime.authority import (\n    DELEGATED_AUTHORITY_HEADERS,\n    DELEGATED_EXCLUDED_AUTHORITY,\n    DELEGATED_INDEPENDENCE,\n)\nfrom vfy_handler import VfyHandler\n\nstate = json.load(sys.stdin)\nbindings = VfyHandler(root).confirmation_requirements(state)\nauthority_dir = root / \".sdlc/authority\"\nauthority_dir.mkdir(parents=True, exist_ok=True)\nif mode == \"human\":\n    raw = b\"decision: approved\\nauthority: product owner\\n\"\n    authority = authority_dir / f\"vfy-installed-{label}-human.txt\"\n    authority.write_bytes(raw)\n    accepted = [\n        f\"{state['artifact']['reference']}#{item['id']}\"\n        for item in state.get(\"exceptions\", [])\n        if item.get(\"state\") in {\"active\", \"carried\"}\n    ]\n    print(json.dumps({\n        \"mode\": \"human\",\n        \"confirmer\": \"installed-product-owner\",\n        \"role\": \"Product Owner\",\n        \"authority_reference\": authority.relative_to(root).as_posix() + \"@\" + compute_sha256(raw),\n        \"accepted_exception_references\": accepted,\n        \"confirmed_at\": \"2026-09-04T10:30:00Z\",\n        **bindings,\n    }, sort_keys=True))\n    raise SystemExit(0)\nif mode != \"delegated\":\n    raise SystemExit(\"unsupported confirmation mode\")\nbasis = authority_dir / f\"vfy-installed-{label}-delegation.txt\"\nbasis.write_text(\"Independent deterministic VFY contract review authority.\\n\", encoding=\"utf-8\")\nbasis_reference = basis.relative_to(root).as_posix() + \"@\" + compute_sha256(basis.read_bytes())\nreviewer = \"installed-independent-reviewer\"\nexecutors = {\n    item[\"executor_identity\"]\n    for item in state[\"methods\"]\n    if item[\"disposition\"] in {\"required\", \"embedded\"}\n}\nif len(executors) != 1:\n    raise SystemExit(\"installed fixture requires one exact Executor identity\")\nexecutor = next(iter(executors))\nvalues = (\n    basis_reference,\n    reviewer,\n    \"Delegated Independent Reviewer\",\n    executor,\n    DELEGATED_INDEPENDENCE,\n    bindings[\"control_input_digest\"],\n    bindings[\"evaluation_contract_set\"],\n    bindings[\"check_set_result_digest\"],\n    DELEGATED_EXCLUDED_AUTHORITY,\n)\nraw = (\"\\n\".join((\n    \"---\",\n    \"contract: sdlc-ai-spec/final-confirmation-authority/v1\",\n    f\"artifact: {state['artifact']['reference']}\",\n    \"decision: approved\",\n    \"decided_at: 2026-09-04T10:30:00Z\",\n    \"---\",\n    \"\",\n    \"| \" + \" | \".join(DELEGATED_AUTHORITY_HEADERS) + \" |\",\n    \"|\" + \"|\".join(\"---\" for _ in DELEGATED_AUTHORITY_HEADERS) + \"|\",\n    \"| \" + \" | \".join(values) + \" |\",\n)) + \"\\n\").encode(\"utf-8\")\nauthority = authority_dir / f\"vfy-installed-{label}-confirmation.md\"\nauthority.write_bytes(raw)\nprint(json.dumps({\n    \"mode\": \"delegated\",\n    \"confirmer\": reviewer,\n    \"role\": \"Delegated Independent Reviewer\",\n    \"reviewed_executor\": executor,\n    \"authority_reference\": authority.relative_to(root).as_posix() + \"@\" + compute_sha256(raw),\n    \"accepted_exception_references\": [],\n    \"confirmed_at\": \"2026-09-04T10:30:00Z\",\n    **bindings,\n}, sort_keys=True))\n",
        "/var/folders/k9/zv9qrcrn1f32drkcdhms3gx80000gn/T/vfy-installed-7nlslc9i/plugin",
        "/var/folders/k9/zv9qrcrn1f32drkcdhms3gx80000gn/T/vfy-installed-7nlslc9i/exception-project",
        "exception",
        "human"
      ],
      "cwd": "/var/folders/k9/zv9qrcrn1f32drkcdhms3gx80000gn/T/vfy-installed-7nlslc9i/exception-project",
      "exit_code": 0,
      "name": "human_confirmation_exception",
      "stderr_sha256": "e3b0c44298fc1c149afbf4c8996fb92427ae41e4649b934ca495991b7852b855",
      "stdout_sha256": "6282d2357ecf56e8f9236bfb560e1dced773af89e7955e8b76e8e8870e9cf051"
    },
    {
      "command": [
        "/opt/homebrew/opt/python@3.14/bin/python3.14",
        "/var/folders/k9/zv9qrcrn1f32drkcdhms3gx80000gn/T/vfy-installed-7nlslc9i/plugin/skills/sdlc-500-vfy/scripts/runtime.py",
        "auto",
        "--project-root",
        "/var/folders/k9/zv9qrcrn1f32drkcdhms3gx80000gn/T/vfy-installed-7nlslc9i/exception-project",
        "--output",
        "json"
      ],
      "cwd": "/var/folders/k9/zv9qrcrn1f32drkcdhms3gx80000gn/T/vfy-installed-7nlslc9i/exception-project",
      "exit_code": 0,
      "name": "exception_finalize",
      "stderr_sha256": "e3b0c44298fc1c149afbf4c8996fb92427ae41e4649b934ca495991b7852b855",
      "stdout_sha256": "ab0e15bf245566aa92dbb6214d569360af25123db3f836fa697aa72fb7923130"
    }
  ],
  "contract": "sdlc-ai-spec/vfy-runtime-independence-result/v1",
  "exception_projection": {
    "artifact_gate": "pass_with_exception",
    "artifact_status": "ready_with_exception",
    "product_result": "waived"
  },
  "installed_boundary": {
    "agents_present": false,
    "claude_present": false,
    "docs_present": false,
    "handoff_present": false,
    "packages": true,
    "scripts": true,
    "skills": [
      "_shared",
      "sdlc-500-vfy",
      "sdlc-status"
    ],
    "tests_present": false
  },
  "installed_digest": "308fd3f6a46178849bdc19b4a49c99a398a7ddabe3e60be70cbfa694f6be25e3",
  "meta_commands": [
    "help",
    "version",
    "commands",
    "examples"
  ],
  "operations": [
    "create",
    "run",
    "revise",
    "check",
    "Return",
    "Exception",
    "Lifecycle projection"
  ],
  "pass_projection": {
    "artifact_gate": "pass",
    "product_result": "pass",
    "rls_ready": false
  },
  "project_final_digest": "4963626f18285fa48ca88a6b85e9f7bb5858b8d7f3d1c1d3726425d24020956d",
  "project_initial_digest": "4963626f18285fa48ca88a6b85e9f7bb5858b8d7f3d1c1d3726425d24020956d",
  "return_project_final_digest": "4963626f18285fa48ca88a6b85e9f7bb5858b8d7f3d1c1d3726425d24020956d",
  "return_project_initial_digest": "4963626f18285fa48ca88a6b85e9f7bb5858b8d7f3d1c1d3726425d24020956d",
  "return_projection": {
    "artifact_gate": "pass",
    "artifact_reference": "VFY-20260905113639-01@1",
    "artifact_status": "ready",
    "early_stop": false,
    "next_action": "RETURN_UPSTREAM",
    "next_phase": "IMP",
    "product_result": "fail",
    "return_phase": "IMP",
    "revision_state": "frozen",
    "rls_applicability": "n/a",
    "rls_ready": false,
    "unresolved_controls": [],
    "unresolved_returns": [
      "RET-001"
    ]
  },
  "status": "PASS",
  "status_projection": {
    "artifact_gate": "pass",
    "artifact_reference": "VFY-20260905113639-01@1",
    "artifact_status": "ready",
    "display": {
      "artifact": "Artifact Gate: pass",
      "downstream": "RLS ready: no",
      "product": "Product Result: fail"
    },
    "early_stop": false,
    "next_action": "RETURN_UPSTREAM",
    "next_phase": "IMP",
    "phase": "VFY",
    "product_result": "fail",
    "return_phase": "IMP",
    "revision_state": "frozen",
    "rls_applicability": "n/a",
    "rls_ready": false,
    "unresolved_returns": [
      "RET-001"
    ]
  }
}
