source_sha = 5ea3ba9aa7288021c4d99b14cff76ec0fc405841
base_sha = 638e27221b13d74208b54f78530cf338f67879af
{"attempts": [{"attempt": 1, "delay_before_seconds": 0, "duration_ms": 72745, "exit_code": 0, "finished_at": "2026-09-05T01:53:00Z", "started_at": "2026-09-05T01:51:47Z", "stderr_log": "attest-logs/full__full_repository_regression-attempt-1.stderr.log", "stderr_sha256": "sha256:bf9fbebdc7ac60d3c0867ecca226c1104eafafcb8acaf4dc1a6d318450626c92", "stdout_log": "attest-logs/full__full_repository_regression-attempt-1.stdout.log", "stdout_sha256": "sha256:339370ab9405b46778af9cd91b87462c3b2d99a1b23c65260662b7ac7f176277", "transient_network_failure": false}], "base_sha": "638e27221b13d74208b54f78530cf338f67879af", "command": ["/opt/homebrew/opt/python@3.14/bin/python3.14", "-m", "unittest", "discover", "-s", "tests", "-p", "test_*.py"], "cwd": ".", "duration_ms": 72745, "exit_code": 0, "finished_at": "2026-09-05T01:53:00Z", "name": "full__full_repository_regression", "source_sha": "5ea3ba9aa7288021c4d99b14cff76ec0fc405841", "started_at": "2026-09-05T01:51:47Z", "status": "PASS", "stderr_log": "attest-logs/full__full_repository_regression-attempt-1.stderr.log", "stderr_sha256": "sha256:bf9fbebdc7ac60d3c0867ecca226c1104eafafcb8acaf4dc1a6d318450626c92", "stdout_log": "attest-logs/full__full_repository_regression-attempt-1.stdout.log", "stdout_sha256": "sha256:339370ab9405b46778af9cd91b87462c3b2d99a1b23c65260662b7ac7f176277"}
STDOUT
[2026-09-05T01:52:57.605229+00:00] fixture/spring-probe: create real CTX
[2026-09-05T01:52:57.639207+00:00] fixture/spring-probe: create real REQ
[2026-09-05T01:52:57.645315+00:00] fixture/spring-probe: create real DSN
[2026-09-05T01:52:57.652605+00:00] fixture/spring-probe: create real PLN and select WI-001
[2026-09-05T01:52:57.661618+00:00] fixture/spring-probe: acquire Claim, execute README edit and complete IMP
[2026-09-05T01:52:57.944023+00:00] fixture/spring-probe: read-only IMP check and lifecycle projection
[2026-09-05T01:52:58.067650+00:00] fixture/spring-probe: cleanup restored exact initial Git state
[2026-09-05T01:52:58.104063+00:00] fixture/go-vue-probe: create real CTX
[2026-09-05T01:52:58.141240+00:00] fixture/go-vue-probe: create real REQ
[2026-09-05T01:52:58.147210+00:00] fixture/go-vue-probe: create real DSN
[2026-09-05T01:52:58.155010+00:00] fixture/go-vue-probe: create real PLN and select WI-001
[2026-09-05T01:52:58.163818+00:00] fixture/go-vue-probe: acquire Claim, execute README edit and complete IMP
[2026-09-05T01:52:58.442154+00:00] fixture/go-vue-probe: read-only IMP check and lifecycle projection
[2026-09-05T01:52:58.564865+00:00] fixture/go-vue-probe: cleanup restored exact initial Git state
[2026-09-05T01:52:58Z] CTX: execute external_imp._create_context
[2026-09-05T01:52:58Z] REQ: execute external_imp._create_requirement
[2026-09-05T01:52:58Z] DSN: execute external_imp._create_design
[2026-09-05T01:52:58Z] PLN: execute external_imp._create_plan
[2026-09-05T01:52:58Z] IMP: execute external_imp._complete_imp
[2026-09-05T01:52:59Z] VFY: execute VfyHandler.create+run
[2026-09-05T01:52:59Z] fixture/springgear: cleanup restored exact initial state
[2026-09-05T01:52:59Z] CTX: execute external_imp._create_context
[2026-09-05T01:52:59Z] REQ: execute external_imp._create_requirement
[2026-09-05T01:52:59Z] DSN: execute external_imp._create_design
[2026-09-05T01:52:59Z] PLN: execute external_imp._create_plan
[2026-09-05T01:52:59Z] IMP: execute external_imp._complete_imp
[2026-09-05T01:53:00Z] VFY: execute VfyHandler.create+run
[2026-09-05T01:53:00Z] fixture/gin-vue-admin: cleanup restored exact initial state

STDERR
................................................................................................................................................................................................................................................................................................................................................................................................../opt/homebrew/Cellar/python@3.14/3.14.7/Frameworks/Python.framework/Versions/3.14/lib/python3.14/pathlib/__init__.py:341: ResourceWarning: unclosed database in <sqlite3.Connection object at 0x10abedc60>
  @property
ResourceWarning: Enable tracemalloc to get the object allocation traceback
/opt/homebrew/Cellar/python@3.14/3.14.7/Frameworks/Python.framework/Versions/3.14/lib/python3.14/pathlib/__init__.py:341: ResourceWarning: unclosed database in <sqlite3.Connection object at 0x10abeda80>
  @property
ResourceWarning: Enable tracemalloc to get the object allocation traceback
.......................................................................................................................................................................................................................................................
----------------------------------------------------------------------
Ran 633 tests in 72.396s

OK
