{
  "check_read_only": true,
  "commands": [
    {
      "command": [
        "/opt/homebrew/opt/python@3.14/bin/python3.14",
        "/var/folders/k9/zv9qrcrn1f32drkcdhms3gx80000gn/T/vfy-installed-86agpw3i/plugin/skills/sdlc-500-vfy/scripts/runtime.py",
        "help"
      ],
      "cwd": "/var/folders/k9/zv9qrcrn1f32drkcdhms3gx80000gn/T/vfy-installed-86agpw3i/project",
      "exit_code": 0,
      "name": "help",
      "stderr_sha256": "e3b0c44298fc1c149afbf4c8996fb92427ae41e4649b934ca495991b7852b855",
      "stdout_sha256": "68497804a53be7d64b800e80c9e990d12b30e5da31625bf69089c80b32967c07"
    },
    {
      "command": [
        "/opt/homebrew/opt/python@3.14/bin/python3.14",
        "/var/folders/k9/zv9qrcrn1f32drkcdhms3gx80000gn/T/vfy-installed-86agpw3i/plugin/skills/sdlc-500-vfy/scripts/runtime.py",
        "version"
      ],
      "cwd": "/var/folders/k9/zv9qrcrn1f32drkcdhms3gx80000gn/T/vfy-installed-86agpw3i/project",
      "exit_code": 0,
      "name": "version",
      "stderr_sha256": "e3b0c44298fc1c149afbf4c8996fb92427ae41e4649b934ca495991b7852b855",
      "stdout_sha256": "c1a4a857be468d1fad357ff73120cb458b873d36eb8ca2b0a8ac5ab6f3a04371"
    },
    {
      "command": [
        "/opt/homebrew/opt/python@3.14/bin/python3.14",
        "/var/folders/k9/zv9qrcrn1f32drkcdhms3gx80000gn/T/vfy-installed-86agpw3i/plugin/skills/sdlc-500-vfy/scripts/runtime.py",
        "commands"
      ],
      "cwd": "/var/folders/k9/zv9qrcrn1f32drkcdhms3gx80000gn/T/vfy-installed-86agpw3i/project",
      "exit_code": 0,
      "name": "commands",
      "stderr_sha256": "e3b0c44298fc1c149afbf4c8996fb92427ae41e4649b934ca495991b7852b855",
      "stdout_sha256": "e660464101c2ee8a65f6697c1d5558842a95250739ae8b556a8c75b424eff4d7"
    },
    {
      "command": [
        "/opt/homebrew/opt/python@3.14/bin/python3.14",
        "/var/folders/k9/zv9qrcrn1f32drkcdhms3gx80000gn/T/vfy-installed-86agpw3i/plugin/skills/sdlc-500-vfy/scripts/runtime.py",
        "examples"
      ],
      "cwd": "/var/folders/k9/zv9qrcrn1f32drkcdhms3gx80000gn/T/vfy-installed-86agpw3i/project",
      "exit_code": 0,
      "name": "examples",
      "stderr_sha256": "e3b0c44298fc1c149afbf4c8996fb92427ae41e4649b934ca495991b7852b855",
      "stdout_sha256": "95c092a6d02cd84a143dd18d0316cf782fb8025a12fa3a0d809b5c62f1ed4230"
    },
    {
      "command": [
        "/opt/homebrew/opt/python@3.14/bin/python3.14",
        "/var/folders/k9/zv9qrcrn1f32drkcdhms3gx80000gn/T/vfy-installed-86agpw3i/plugin/skills/sdlc-500-vfy/scripts/runtime.py",
        "create",
        "--project-root",
        "/var/folders/k9/zv9qrcrn1f32drkcdhms3gx80000gn/T/vfy-installed-86agpw3i/project",
        "--output",
        "json",
        "--input",
        "PLN-20260904010000-01@1",
        "--input",
        "IMP-20260904010000-01@1/RESULT-RES-001"
      ],
      "cwd": "/var/folders/k9/zv9qrcrn1f32drkcdhms3gx80000gn/T/vfy-installed-86agpw3i/project",
      "exit_code": 0,
      "name": "create",
      "stderr_sha256": "e3b0c44298fc1c149afbf4c8996fb92427ae41e4649b934ca495991b7852b855",
      "stdout_sha256": "22aba9e7b689e9bd91ccfd06593dd4187ea481cf361946e9535c6093d8f6b3f2"
    },
    {
      "command": [
        "/opt/homebrew/opt/python@3.14/bin/python3.14",
        "/var/folders/k9/zv9qrcrn1f32drkcdhms3gx80000gn/T/vfy-installed-86agpw3i/plugin/skills/sdlc-500-vfy/scripts/runtime.py",
        "run",
        "--project-root",
        "/var/folders/k9/zv9qrcrn1f32drkcdhms3gx80000gn/T/vfy-installed-86agpw3i/project",
        "--reference",
        "VFY-20260905113014-01@1",
        "--output",
        "json"
      ],
      "cwd": "/var/folders/k9/zv9qrcrn1f32drkcdhms3gx80000gn/T/vfy-installed-86agpw3i/project",
      "exit_code": 0,
      "name": "run",
      "stderr_sha256": "e3b0c44298fc1c149afbf4c8996fb92427ae41e4649b934ca495991b7852b855",
      "stdout_sha256": "3f215243abbfc7f3d08222e692241abebd65706306440d2b7659c372564668cc"
    },
    {
      "command": [
        "/opt/homebrew/opt/python@3.14/bin/python3.14",
        "-c",
        "\nimport json\nfrom pathlib import Path\nimport sys\n\ninstalled = Path(sys.argv[1])\nroot = Path(sys.argv[2])\nlabel = sys.argv[3]\nmode = sys.argv[4]\nsys.path[:0] = [str(installed), str(installed / \"skills/sdlc-500-vfy/scripts\")]\n\nfrom packages.sdlc_artifact_store import compute_sha256\nfrom packages.sdlc_runtime.authority import (\n    DELEGATED_AUTHORITY_HEADERS,\n    DELEGATED_EXCLUDED_AUTHORITY,\n    DELEGATED_INDEPENDENCE,\n)\nfrom vfy_handler import VfyHandler\n\nstate = json.load(sys.stdin)\nbindings = VfyHandler(root).confirmation_requirements(state)\nauthority_dir = root / \".sdlc/authority\"\nauthority_dir.mkdir(parents=True, exist_ok=True)\nif mode == \"human\":\n    raw = b\"decision: approved\\nauthority: product owner\\n\"\n    authority = authority_dir / f\"vfy-installed-{label}-human.txt\"\n    authority.write_bytes(raw)\n    accepted = [\n        f\"{state['artifact']['reference']}#{item['id']}\"\n        for item in state.get(\"exceptions\", [])\n        if item.get(\"state\") in {\"active\", \"carried\"}\n    ]\n    print(json.dumps({\n        \"mode\": \"human\",\n        \"confirmer\": \"installed-product-owner\",\n        \"role\": \"Product Owner\",\n        \"authority_reference\": authority.relative_to(root).as_posix() + \"@\" + compute_sha256(raw),\n        \"accepted_exception_references\": accepted,\n        \"confirmed_at\": \"2026-09-04T10:30:00Z\",\n        **bindings,\n    }, sort_keys=True))\n    raise SystemExit(0)\nif mode != \"delegated\":\n    raise SystemExit(\"unsupported confirmation mode\")\nbasis = authority_dir / f\"vfy-installed-{label}-delegation.txt\"\nbasis.write_text(\"Independent deterministic VFY contract review authority.\\n\", encoding=\"utf-8\")\nbasis_reference = basis.relative_to(root).as_posix() + \"@\" + compute_sha256(basis.read_bytes())\nreviewer = \"installed-independent-reviewer\"\nexecutors = {\n    item[\"executor_identity\"]\n    for item in state[\"methods\"]\n    if item[\"disposition\"] in {\"required\", \"embedded\"}\n}\nif len(executors) != 1:\n    raise SystemExit(\"installed fixture requires one exact Executor identity\")\nexecutor = next(iter(executors))\nvalues = (\n    basis_reference,\n    reviewer,\n    \"Delegated Independent Reviewer\",\n    executor,\n    DELEGATED_INDEPENDENCE,\n    bindings[\"control_input_digest\"],\n    bindings[\"evaluation_contract_set\"],\n    bindings[\"check_set_result_digest\"],\n    DELEGATED_EXCLUDED_AUTHORITY,\n)\nraw = (\"\\n\".join((\n    \"---\",\n    \"contract: sdlc-ai-spec/final-confirmation-authority/v1\",\n    f\"artifact: {state['artifact']['reference']}\",\n    \"decision: approved\",\n    \"decided_at: 2026-09-04T10:30:00Z\",\n    \"---\",\n    \"\",\n    \"| \" + \" | \".join(DELEGATED_AUTHORITY_HEADERS) + \" |\",\n    \"|\" + \"|\".join(\"---\" for _ in DELEGATED_AUTHORITY_HEADERS) + \"|\",\n    \"| \" + \" | \".join(values) + \" |\",\n)) + \"\\n\").encode(\"utf-8\")\nauthority = authority_dir / f\"vfy-installed-{label}-confirmation.md\"\nauthority.write_bytes(raw)\nprint(json.dumps({\n    \"mode\": \"delegated\",\n    \"confirmer\": reviewer,\n    \"role\": \"Delegated Independent Reviewer\",\n    \"reviewed_executor\": executor,\n    \"authority_reference\": authority.relative_to(root).as_posix() + \"@\" + compute_sha256(raw),\n    \"accepted_exception_references\": [],\n    \"confirmed_at\": \"2026-09-04T10:30:00Z\",\n    **bindings,\n}, sort_keys=True))\n",
        "/var/folders/k9/zv9qrcrn1f32drkcdhms3gx80000gn/T/vfy-installed-86agpw3i/plugin",
        "/var/folders/k9/zv9qrcrn1f32drkcdhms3gx80000gn/T/vfy-installed-86agpw3i/project",
        "pass",
        "delegated"
      ],
      "cwd": "/var/folders/k9/zv9qrcrn1f32drkcdhms3gx80000gn/T/vfy-installed-86agpw3i/project",
      "exit_code": 0,
      "name": "delegated_confirmation_pass",
      "stderr_sha256": "e3b0c44298fc1c149afbf4c8996fb92427ae41e4649b934ca495991b7852b855",
      "stdout_sha256": "6ec0833e9780826ad42a30b9c7e81d5eaf907b17c4053f39987f2f5800cc39e2"
    },
    {
      "command": [
        "/opt/homebrew/opt/python@3.14/bin/python3.14",
        "/var/folders/k9/zv9qrcrn1f32drkcdhms3gx80000gn/T/vfy-installed-86agpw3i/plugin/skills/sdlc-500-vfy/scripts/runtime.py",
        "run",
        "--project-root",
        "/var/folders/k9/zv9qrcrn1f32drkcdhms3gx80000gn/T/vfy-installed-86agpw3i/project",
        "--reference",
        "VFY-20260905113014-01@1",
        "--output",
        "json"
      ],
      "cwd": "/var/folders/k9/zv9qrcrn1f32drkcdhms3gx80000gn/T/vfy-installed-86agpw3i/project",
      "exit_code": 0,
      "name": "finalize",
      "stderr_sha256": "e3b0c44298fc1c149afbf4c8996fb92427ae41e4649b934ca495991b7852b855",
      "stdout_sha256": "956a0f3a5aca0702dc750331fee923459b771c5b82a9e5558310a6347df10575"
    },
    {
      "command": [
        "/opt/homebrew/opt/python@3.14/bin/python3.14",
        "/var/folders/k9/zv9qrcrn1f32drkcdhms3gx80000gn/T/vfy-installed-86agpw3i/plugin/skills/sdlc-500-vfy/scripts/runtime.py",
        "check",
        "--project-root",
        "/var/folders/k9/zv9qrcrn1f32drkcdhms3gx80000gn/T/vfy-installed-86agpw3i/project",
        "--reference",
        "VFY-20260905113014-01@1",
        "--output",
        "json"
      ],
      "cwd": "/var/folders/k9/zv9qrcrn1f32drkcdhms3gx80000gn/T/vfy-installed-86agpw3i/project",
      "exit_code": 0,
      "name": "check",
      "stderr_sha256": "e3b0c44298fc1c149afbf4c8996fb92427ae41e4649b934ca495991b7852b855",
      "stdout_sha256": "b1a0da2bc73ec4950eea9d567c7b8731cbb98b78d74938372ac16c9a797d384a"
    },
    {
      "command": [
        "/opt/homebrew/opt/python@3.14/bin/python3.14",
        "/var/folders/k9/zv9qrcrn1f32drkcdhms3gx80000gn/T/vfy-installed-86agpw3i/plugin/skills/sdlc-500-vfy/scripts/runtime.py",
        "revise",
        "--project-root",
        "/var/folders/k9/zv9qrcrn1f32drkcdhms3gx80000gn/T/vfy-installed-86agpw3i/project",
        "--reference",
        "VFY-20260905113014-01@1",
        "--output",
        "json",
        "--input",
        "PLN-20260904010000-01@1",
        "--input",
        "IMP-20260904010000-01@1/RESULT-RES-001"
      ],
      "cwd": "/var/folders/k9/zv9qrcrn1f32drkcdhms3gx80000gn/T/vfy-installed-86agpw3i/project",
      "exit_code": 0,
      "name": "revise",
      "stderr_sha256": "e3b0c44298fc1c149afbf4c8996fb92427ae41e4649b934ca495991b7852b855",
      "stdout_sha256": "21af58e15529e0a770543ffdc48d9661558e42e2fddd2955c96d1efdce35e41c"
    },
    {
      "command": [
        "/opt/homebrew/opt/python@3.14/bin/python3.14",
        "/var/folders/k9/zv9qrcrn1f32drkcdhms3gx80000gn/T/vfy-installed-86agpw3i/plugin/skills/sdlc-500-vfy/scripts/runtime.py",
        "create",
        "--project-root",
        "/var/folders/k9/zv9qrcrn1f32drkcdhms3gx80000gn/T/vfy-installed-86agpw3i/return-project",
        "--output",
        "json",
        "--input",
        "PLN-20260904010000-01@1",
        "--input",
        "IMP-20260904010000-01@1/RESULT-RES-001"
      ],
      "cwd": "/var/folders/k9/zv9qrcrn1f32drkcdhms3gx80000gn/T/vfy-installed-86agpw3i/return-project",
      "exit_code": 0,
      "name": "return_create",
      "stderr_sha256": "e3b0c44298fc1c149afbf4c8996fb92427ae41e4649b934ca495991b7852b855",
      "stdout_sha256": "1f283429a340b6434630ec004f7e2b5b8de443b122a4ffd95a0ad43cee81d2e1"
    },
    {
      "command": [
        "/opt/homebrew/opt/python@3.14/bin/python3.14",
        "/var/folders/k9/zv9qrcrn1f32drkcdhms3gx80000gn/T/vfy-installed-86agpw3i/plugin/skills/sdlc-500-vfy/scripts/runtime.py",
        "run",
        "--project-root",
        "/var/folders/k9/zv9qrcrn1f32drkcdhms3gx80000gn/T/vfy-installed-86agpw3i/return-project",
        "--reference",
        "VFY-20260905113015-01@1",
        "--output",
        "json"
      ],
      "cwd": "/var/folders/k9/zv9qrcrn1f32drkcdhms3gx80000gn/T/vfy-installed-86agpw3i/return-project",
      "exit_code": 0,
      "name": "return",
      "stderr_sha256": "e3b0c44298fc1c149afbf4c8996fb92427ae41e4649b934ca495991b7852b855",
      "stdout_sha256": "55db996071096a8379aa18c982384b5f21470a5eeaadab5ea195954a25392e84"
    },
    {
      "command": [
        "/opt/homebrew/opt/python@3.14/bin/python3.14",
        "-c",
        "\nimport json\nfrom pathlib import Path\nimport sys\n\ninstalled = Path(sys.argv[1])\nroot = Path(sys.argv[2])\nlabel = sys.argv[3]\nmode = sys.argv[4]\nsys.path[:0] = [str(installed), str(installed / \"skills/sdlc-500-vfy/scripts\")]\n\nfrom packages.sdlc_artifact_store import compute_sha256\nfrom packages.sdlc_runtime.authority import (\n    DELEGATED_AUTHORITY_HEADERS,\n    DELEGATED_EXCLUDED_AUTHORITY,\n    DELEGATED_INDEPENDENCE,\n)\nfrom vfy_handler import VfyHandler\n\nstate = json.load(sys.stdin)\nbindings = VfyHandler(root).confirmation_requirements(state)\nauthority_dir = root / \".sdlc/authority\"\nauthority_dir.mkdir(parents=True, exist_ok=True)\nif mode == \"human\":\n    raw = b\"decision: approved\\nauthority: product owner\\n\"\n    authority = authority_dir / f\"vfy-installed-{label}-human.txt\"\n    authority.write_bytes(raw)\n    accepted = [\n        f\"{state['artifact']['reference']}#{item['id']}\"\n        for item in state.get(\"exceptions\", [])\n        if item.get(\"state\") in {\"active\", \"carried\"}\n    ]\n    print(json.dumps({\n        \"mode\": \"human\",\n        \"confirmer\": \"installed-product-owner\",\n        \"role\": \"Product Owner\",\n        \"authority_reference\": authority.relative_to(root).as_posix() + \"@\" + compute_sha256(raw),\n        \"accepted_exception_references\": accepted,\n        \"confirmed_at\": \"2026-09-04T10:30:00Z\",\n        **bindings,\n    }, sort_keys=True))\n    raise SystemExit(0)\nif mode != \"delegated\":\n    raise SystemExit(\"unsupported confirmation mode\")\nbasis = authority_dir / f\"vfy-installed-{label}-delegation.txt\"\nbasis.write_text(\"Independent deterministic VFY contract review authority.\\n\", encoding=\"utf-8\")\nbasis_reference = basis.relative_to(root).as_posix() + \"@\" + compute_sha256(basis.read_bytes())\nreviewer = \"installed-independent-reviewer\"\nexecutors = {\n    item[\"executor_identity\"]\n    for item in state[\"methods\"]\n    if item[\"disposition\"] in {\"required\", \"embedded\"}\n}\nif len(executors) != 1:\n    raise SystemExit(\"installed fixture requires one exact Executor identity\")\nexecutor = next(iter(executors))\nvalues = (\n    basis_reference,\n    reviewer,\n    \"Delegated Independent Reviewer\",\n    executor,\n    DELEGATED_INDEPENDENCE,\n    bindings[\"control_input_digest\"],\n    bindings[\"evaluation_contract_set\"],\n    bindings[\"check_set_result_digest\"],\n    DELEGATED_EXCLUDED_AUTHORITY,\n)\nraw = (\"\\n\".join((\n    \"---\",\n    \"contract: sdlc-ai-spec/final-confirmation-authority/v1\",\n    f\"artifact: {state['artifact']['reference']}\",\n    \"decision: approved\",\n    \"decided_at: 2026-09-04T10:30:00Z\",\n    \"---\",\n    \"\",\n    \"| \" + \" | \".join(DELEGATED_AUTHORITY_HEADERS) + \" |\",\n    \"|\" + \"|\".join(\"---\" for _ in DELEGATED_AUTHORITY_HEADERS) + \"|\",\n    \"| \" + \" | \".join(values) + \" |\",\n)) + \"\\n\").encode(\"utf-8\")\nauthority = authority_dir / f\"vfy-installed-{label}-confirmation.md\"\nauthority.write_bytes(raw)\nprint(json.dumps({\n    \"mode\": \"delegated\",\n    \"confirmer\": reviewer,\n    \"role\": \"Delegated Independent Reviewer\",\n    \"reviewed_executor\": executor,\n    \"authority_reference\": authority.relative_to(root).as_posix() + \"@\" + compute_sha256(raw),\n    \"accepted_exception_references\": [],\n    \"confirmed_at\": \"2026-09-04T10:30:00Z\",\n    **bindings,\n}, sort_keys=True))\n",
        "/var/folders/k9/zv9qrcrn1f32drkcdhms3gx80000gn/T/vfy-installed-86agpw3i/plugin",
        "/var/folders/k9/zv9qrcrn1f32drkcdhms3gx80000gn/T/vfy-installed-86agpw3i/return-project",
        "return",
        "delegated"
      ],
      "cwd": "/var/folders/k9/zv9qrcrn1f32drkcdhms3gx80000gn/T/vfy-installed-86agpw3i/return-project",
      "exit_code": 0,
      "name": "delegated_confirmation_return",
      "stderr_sha256": "e3b0c44298fc1c149afbf4c8996fb92427ae41e4649b934ca495991b7852b855",
      "stdout_sha256": "dc7b7fa2ac56df0dd06ccdf94b89262af9b9c922ad50e05e2dcdbe99663db8e9"
    },
    {
      "command": [
        "/opt/homebrew/opt/python@3.14/bin/python3.14",
        "/var/folders/k9/zv9qrcrn1f32drkcdhms3gx80000gn/T/vfy-installed-86agpw3i/plugin/skills/sdlc-500-vfy/scripts/runtime.py",
        "run",
        "--project-root",
        "/var/folders/k9/zv9qrcrn1f32drkcdhms3gx80000gn/T/vfy-installed-86agpw3i/return-project",
        "--reference",
        "VFY-20260905113015-01@1",
        "--output",
        "json"
      ],
      "cwd": "/var/folders/k9/zv9qrcrn1f32drkcdhms3gx80000gn/T/vfy-installed-86agpw3i/return-project",
      "exit_code": 0,
      "name": "return_finalize",
      "stderr_sha256": "e3b0c44298fc1c149afbf4c8996fb92427ae41e4649b934ca495991b7852b855",
      "stdout_sha256": "79d66704676a6badeb28e48ef50ccc8160e63599e036e3436ac4c1444bdbe30c"
    },
    {
      "command": [
        "/opt/homebrew/opt/python@3.14/bin/python3.14",
        "-c",
        "\nimport json\nfrom pathlib import Path\nimport sys\n\ninstalled = Path(sys.argv[1])\nsys.path[:0] = [\n    str(installed),\n    str(installed / \"skills/sdlc-status/scripts\"),\n]\nfrom packages.sdlc_lifecycle.query_vfy import project_vfy_state\nfrom vfy_projection import project_vfy_status\n\nstate = json.load(sys.stdin)\nprint(json.dumps({\n    \"lifecycle\": project_vfy_state(state).to_dict(),\n    \"status\": project_vfy_status(state),\n}, sort_keys=True))\n",
        "/var/folders/k9/zv9qrcrn1f32drkcdhms3gx80000gn/T/vfy-installed-86agpw3i/plugin"
      ],
      "cwd": "/var/folders/k9/zv9qrcrn1f32drkcdhms3gx80000gn/T/vfy-installed-86agpw3i/return-project",
      "exit_code": 0,
      "name": "lifecycle_projection",
      "stderr_sha256": "e3b0c44298fc1c149afbf4c8996fb92427ae41e4649b934ca495991b7852b855",
      "stdout_sha256": "c73714633fde492cf2fadb9668598b8b103093a1d57648d04d4528aaf1e6eb23"
    },
    {
      "command": [
        "/opt/homebrew/opt/python@3.14/bin/python3.14",
        "/var/folders/k9/zv9qrcrn1f32drkcdhms3gx80000gn/T/vfy-installed-86agpw3i/plugin/skills/sdlc-500-vfy/scripts/runtime.py",
        "create",
        "--project-root",
        "/var/folders/k9/zv9qrcrn1f32drkcdhms3gx80000gn/T/vfy-installed-86agpw3i/exception-project",
        "--output",
        "json"
      ],
      "cwd": "/var/folders/k9/zv9qrcrn1f32drkcdhms3gx80000gn/T/vfy-installed-86agpw3i/exception-project",
      "exit_code": 0,
      "name": "exception_create",
      "stderr_sha256": "e3b0c44298fc1c149afbf4c8996fb92427ae41e4649b934ca495991b7852b855",
      "stdout_sha256": "b2526a7b7f760edc3e8a411b5b192f2aec431f7f3ae935eab0df134f4988149c"
    },
    {
      "command": [
        "/opt/homebrew/opt/python@3.14/bin/python3.14",
        "-c",
        "\nimport json\nfrom pathlib import Path\nimport sys\n\ninstalled = Path(sys.argv[1])\nroot = Path(sys.argv[2])\nlabel = sys.argv[3]\nmode = sys.argv[4]\nsys.path[:0] = [str(installed), str(installed / \"skills/sdlc-500-vfy/scripts\")]\n\nfrom packages.sdlc_artifact_store import compute_sha256\nfrom packages.sdlc_runtime.authority import (\n    DELEGATED_AUTHORITY_HEADERS,\n    DELEGATED_EXCLUDED_AUTHORITY,\n    DELEGATED_INDEPENDENCE,\n)\nfrom vfy_handler import VfyHandler\n\nstate = json.load(sys.stdin)\nbindings = VfyHandler(root).confirmation_requirements(state)\nauthority_dir = root / \".sdlc/authority\"\nauthority_dir.mkdir(parents=True, exist_ok=True)\nif mode == \"human\":\n    raw = b\"decision: approved\\nauthority: product owner\\n\"\n    authority = authority_dir / f\"vfy-installed-{label}-human.txt\"\n    authority.write_bytes(raw)\n    accepted = [\n        f\"{state['artifact']['reference']}#{item['id']}\"\n        for item in state.get(\"exceptions\", [])\n        if item.get(\"state\") in {\"active\", \"carried\"}\n    ]\n    print(json.dumps({\n        \"mode\": \"human\",\n        \"confirmer\": \"installed-product-owner\",\n        \"role\": \"Product Owner\",\n        \"authority_reference\": authority.relative_to(root).as_posix() + \"@\" + compute_sha256(raw),\n        \"accepted_exception_references\": accepted,\n        \"confirmed_at\": \"2026-09-04T10:30:00Z\",\n        **bindings,\n    }, sort_keys=True))\n    raise SystemExit(0)\nif mode != \"delegated\":\n    raise SystemExit(\"unsupported confirmation mode\")\nbasis = authority_dir / f\"vfy-installed-{label}-delegation.txt\"\nbasis.write_text(\"Independent deterministic VFY contract review authority.\\n\", encoding=\"utf-8\")\nbasis_reference = basis.relative_to(root).as_posix() + \"@\" + compute_sha256(basis.read_bytes())\nreviewer = \"installed-independent-reviewer\"\nexecutors = {\n    item[\"executor_identity\"]\n    for item in state[\"methods\"]\n    if item[\"disposition\"] in {\"required\", \"embedded\"}\n}\nif len(executors) != 1:\n    raise SystemExit(\"installed fixture requires one exact Executor identity\")\nexecutor = next(iter(executors))\nvalues = (\n    basis_reference,\n    reviewer,\n    \"Delegated Independent Reviewer\",\n    executor,\n    DELEGATED_INDEPENDENCE,\n    bindings[\"control_input_digest\"],\n    bindings[\"evaluation_contract_set\"],\n    bindings[\"check_set_result_digest\"],\n    DELEGATED_EXCLUDED_AUTHORITY,\n)\nraw = (\"\\n\".join((\n    \"---\",\n    \"contract: sdlc-ai-spec/final-confirmation-authority/v1\",\n    f\"artifact: {state['artifact']['reference']}\",\n    \"decision: approved\",\n    \"decided_at: 2026-09-04T10:30:00Z\",\n    \"---\",\n    \"\",\n    \"| \" + \" | \".join(DELEGATED_AUTHORITY_HEADERS) + \" |\",\n    \"|\" + \"|\".join(\"---\" for _ in DELEGATED_AUTHORITY_HEADERS) + \"|\",\n    \"| \" + \" | \".join(values) + \" |\",\n)) + \"\\n\").encode(\"utf-8\")\nauthority = authority_dir / f\"vfy-installed-{label}-confirmation.md\"\nauthority.write_bytes(raw)\nprint(json.dumps({\n    \"mode\": \"delegated\",\n    \"confirmer\": reviewer,\n    \"role\": \"Delegated Independent Reviewer\",\n    \"reviewed_executor\": executor,\n    \"authority_reference\": authority.relative_to(root).as_posix() + \"@\" + compute_sha256(raw),\n    \"accepted_exception_references\": [],\n    \"confirmed_at\": \"2026-09-04T10:30:00Z\",\n    **bindings,\n}, sort_keys=True))\n",
        "/var/folders/k9/zv9qrcrn1f32drkcdhms3gx80000gn/T/vfy-installed-86agpw3i/plugin",
        "/var/folders/k9/zv9qrcrn1f32drkcdhms3gx80000gn/T/vfy-installed-86agpw3i/exception-project",
        "exception",
        "human"
      ],
      "cwd": "/var/folders/k9/zv9qrcrn1f32drkcdhms3gx80000gn/T/vfy-installed-86agpw3i/exception-project",
      "exit_code": 0,
      "name": "human_confirmation_exception",
      "stderr_sha256": "e3b0c44298fc1c149afbf4c8996fb92427ae41e4649b934ca495991b7852b855",
      "stdout_sha256": "499017c0e70e05089e1e4a402df4c26d011583446bda419e86d504a01abf0144"
    },
    {
      "command": [
        "/opt/homebrew/opt/python@3.14/bin/python3.14",
        "/var/folders/k9/zv9qrcrn1f32drkcdhms3gx80000gn/T/vfy-installed-86agpw3i/plugin/skills/sdlc-500-vfy/scripts/runtime.py",
        "auto",
        "--project-root",
        "/var/folders/k9/zv9qrcrn1f32drkcdhms3gx80000gn/T/vfy-installed-86agpw3i/exception-project",
        "--output",
        "json"
      ],
      "cwd": "/var/folders/k9/zv9qrcrn1f32drkcdhms3gx80000gn/T/vfy-installed-86agpw3i/exception-project",
      "exit_code": 0,
      "name": "exception_finalize",
      "stderr_sha256": "e3b0c44298fc1c149afbf4c8996fb92427ae41e4649b934ca495991b7852b855",
      "stdout_sha256": "813a228701b68cdf4e382128845a7f1abb92bd5c51524994af7ad6c14b17a79c"
    }
  ],
  "contract": "sdlc-ai-spec/vfy-runtime-independence-result/v1",
  "exception_projection": {
    "artifact_gate": "pass_with_exception",
    "artifact_status": "ready_with_exception",
    "product_result": "waived"
  },
  "installed_boundary": {
    "agents_present": false,
    "claude_present": false,
    "docs_present": false,
    "handoff_present": false,
    "packages": true,
    "scripts": true,
    "skills": [
      "_shared",
      "sdlc-500-vfy",
      "sdlc-status"
    ],
    "tests_present": false
  },
  "installed_digest": "308fd3f6a46178849bdc19b4a49c99a398a7ddabe3e60be70cbfa694f6be25e3",
  "meta_commands": [
    "help",
    "version",
    "commands",
    "examples"
  ],
  "operations": [
    "create",
    "run",
    "revise",
    "check",
    "Return",
    "Exception",
    "Lifecycle projection"
  ],
  "pass_projection": {
    "artifact_gate": "pass",
    "product_result": "pass",
    "rls_ready": false
  },
  "project_final_digest": "4963626f18285fa48ca88a6b85e9f7bb5858b8d7f3d1c1d3726425d24020956d",
  "project_initial_digest": "4963626f18285fa48ca88a6b85e9f7bb5858b8d7f3d1c1d3726425d24020956d",
  "return_project_final_digest": "4963626f18285fa48ca88a6b85e9f7bb5858b8d7f3d1c1d3726425d24020956d",
  "return_project_initial_digest": "4963626f18285fa48ca88a6b85e9f7bb5858b8d7f3d1c1d3726425d24020956d",
  "return_projection": {
    "artifact_gate": "pass",
    "artifact_reference": "VFY-20260905113015-01@1",
    "artifact_status": "ready",
    "early_stop": false,
    "next_action": "RETURN_UPSTREAM",
    "next_phase": "IMP",
    "product_result": "fail",
    "return_phase": "IMP",
    "revision_state": "frozen",
    "rls_applicability": "n/a",
    "rls_ready": false,
    "unresolved_controls": [],
    "unresolved_returns": [
      "RET-001"
    ]
  },
  "status": "PASS",
  "status_projection": {
    "artifact_gate": "pass",
    "artifact_reference": "VFY-20260905113015-01@1",
    "artifact_status": "ready",
    "display": {
      "artifact": "Artifact Gate: pass",
      "downstream": "RLS ready: no",
      "product": "Product Result: fail"
    },
    "early_stop": false,
    "next_action": "RETURN_UPSTREAM",
    "next_phase": "IMP",
    "phase": "VFY",
    "product_result": "fail",
    "return_phase": "IMP",
    "revision_state": "frozen",
    "rls_applicability": "n/a",
    "rls_ready": false,
    "unresolved_returns": [
      "RET-001"
    ]
  }
}
