source_sha = 5ea3ba9aa7288021c4d99b14cff76ec0fc405841
base_sha = 638e27221b13d74208b54f78530cf338f67879af
{"attempts": [{"attempt": 1, "delay_before_seconds": 0, "duration_ms": 39, "exit_code": 0, "finished_at": "2026-09-05T01:51:42Z", "started_at": "2026-09-05T01:51:42Z", "stderr_log": "attest-logs/full__final_source_lock-attempt-1.stderr.log", "stderr_sha256": "sha256:e3b0c44298fc1c149afbf4c8996fb92427ae41e4649b934ca495991b7852b855", "stdout_log": "attest-logs/full__final_source_lock-attempt-1.stdout.log", "stdout_sha256": "sha256:50474aa9829754d5102353995342cf825a456275a0e04c8ba2daeba44bd8c55d", "transient_network_failure": false}], "base_sha": "638e27221b13d74208b54f78530cf338f67879af", "command": ["/opt/homebrew/opt/python@3.14/bin/python3.14", "tools/validate_sdlc_500_vfy_source_lock.py", "--require-final"], "cwd": ".", "duration_ms": 39, "exit_code": 0, "finished_at": "2026-09-05T01:51:42Z", "name": "full__final_source_lock", "source_sha": "5ea3ba9aa7288021c4d99b14cff76ec0fc405841", "started_at": "2026-09-05T01:51:42Z", "status": "PASS", "stderr_log": "attest-logs/full__final_source_lock-attempt-1.stderr.log", "stderr_sha256": "sha256:e3b0c44298fc1c149afbf4c8996fb92427ae41e4649b934ca495991b7852b855", "stdout_log": "attest-logs/full__final_source_lock-attempt-1.stdout.log", "stdout_sha256": "sha256:50474aa9829754d5102353995342cf825a456275a0e04c8ba2daeba44bd8c55d"}
STDOUT
{
  "contract": "sdlc-ai-spec/vfy-source-lock-validation/v1",
  "contract_count": 18,
  "contracts": [
    {
      "contract_id": "sdlc-ai-spec/runtime/artifact-store/v1",
      "path": "packages/sdlc_artifact_store/CONTRACT.md",
      "sha256": "500f2d327dfd734974d73eda2857ca2e3663ceaf6f8c48a92b925612cf25fc81"
    },
    {
      "contract_id": "sdlc-ai-spec/runtime/artifact/v1",
      "path": "skills/_shared/contracts/artifact-runtime.md",
      "sha256": "8e86f76153d6e7309647daa4edbdd05c0083c2ddda135279d35bd98f40a17f3c"
    },
    {
      "contract_id": "sdlc-ai-spec/runtime/imp-claim/v1",
      "path": "packages/sdlc_claim_provider/CONTRACT.md",
      "sha256": "0330e6dd7584362286692dd46128671809cf8892dc107458881873ffab82d8c9"
    },
    {
      "contract_id": "sdlc-ai-spec/runtime/kernel/v1",
      "path": "packages/sdlc_runtime/CONTRACT.md",
      "sha256": "9614a4fdc0e475b2c740d3b49908778d022065abc0d93e609eea534d379a54b7"
    },
    {
      "contract_id": "sdlc-ai-spec/runtime/lifecycle/v1",
      "path": "packages/sdlc_lifecycle/CONTRACT.md",
      "sha256": "08b2afa9daaee4ea87694472ee473a26c350493d3a5f14c5e9d02500b3aaffc7"
    },
    {
      "contract_id": "sdlc-ai-spec/runtime/phase/v1",
      "path": "skills/_shared/contracts/phase-runtime.md",
      "sha256": "0ef203f6de99f055cbf2e9c06f927ea827be31ad3b700d2c2760e4cc42c76eb3"
    },
    {
      "contract_id": "sdlc-ai-spec/runtime/resource-result/v1",
      "path": "packages/sdlc_resource/CONTRACT.md",
      "sha256": "d62486d80f308e7b7ef7459f79894d7f77defccd71e0349f6d8eb0b539a52d20"
    },
    {
      "contract_id": "sdlc-ai-spec/runtime/skill-execution/v1",
      "path": "skills/_shared/contracts/skill-execution.md",
      "sha256": "b05f03cc1987c9eed431040e2f5626880cbc07e44e5a9c48d93fdbc8cd352bc7"
    },
    {
      "contract_id": "sdlc-ai-spec/runtime/skill-inputs/v1",
      "path": "skills/_shared/contracts/skill-inputs.md",
      "sha256": "cf36e527a1b51887059889c4122d1b182dbc6e64a79037f3a217095a5b37782f"
    },
    {
      "contract_id": "sdlc-ai-spec/runtime/skill-interface/v1",
      "path": "skills/_shared/contracts/skill-interface.md",
      "sha256": "3ac6ee7bf0599b8dd5930fc6a65a2623b7dea5238b7231de62a362545d526163"
    },
    {
      "contract_id": "sdlc-ai-spec/runtime/status/v1",
      "path": "skills/sdlc-status/references/contract.md",
      "sha256": "c80f9eea06777d9fb3214cd80bd834eb202853bc1e2bd24e76bc8b1126927f04"
    },
    {
      "contract_id": "sdlc-ai-spec/runtime/vfy-interface/v1",
      "path": "skills/sdlc-500-vfy/references/interface.json",
      "sha256": "ab0929e8cf2c8825359c11295710b69ebe688c22b3fe8f0919f6a42985126e5d"
    },
    {
      "contract_id": "sdlc-ai-spec/runtime/vfy/v1",
      "path": "skills/sdlc-500-vfy/references/contract.md",
      "sha256": "c116153f4cb2f4c222267a1545cd931bfde8c1331fcd38e44d004fee924a9a45"
    },
    {
      "contract_id": "sdlc-ai-spec/schema/status-result/v1",
      "path": "skills/sdlc-status/references/status-result.schema.json",
      "sha256": "8832b5a37ec73259385b86a4fb5808f020fc8b6f8d5737f312b9190726c239e1"
    },
    {
      "contract_id": "sdlc-ai-spec/schema/vfy-release-candidate/v1",
      "path": "skills/sdlc-500-vfy/references/vfy-release-candidate-v1.schema.json",
      "sha256": "15aff25625c2d43c29e62129ea3aaff9ee5ab45dd146eecff2b417e135d98027"
    },
    {
      "contract_id": "sdlc-ai-spec/spec/artifact-store/v1.1",
      "path": "docs/v1.1/artifact-store-spec.md",
      "sha256": "b340ca2a38dfe0f7409acaa8f9ac559e8872bed44725037889528e3d167d4764"
    },
    {
      "contract_id": "sdlc-ai-spec/spec/core/v1.1",
      "path": "docs/v1.1/core-spec.md",
      "sha256": "1eefa7a138f2d221140137a5fac0f5429b7f847273fe9d70e891ace6c3b7a89b"
    },
    {
      "contract_id": "sdlc-ai-spec/spec/vfy/v1.1",
      "path": "skills/sdlc-500-vfy/references/500-vfy-spec.md",
      "sha256": "ea0aa412195b1d9f68b74dc39506e5aae635aa599f9099be3b2780f7508e6aad"
    }
  ],
  "design_source_count": 3,
  "design_sources": [
    {
      "contract_id": "sdlc-ai-spec/spec/artifact-store/v1.1",
      "git_blob": "070e515e2de434dac3b64268ee78b90b4ac8b82a",
      "path": "docs/v1.1/artifact-store-spec.md",
      "sha256": "b340ca2a38dfe0f7409acaa8f9ac559e8872bed44725037889528e3d167d4764"
    },
    {
      "contract_id": "sdlc-ai-spec/spec/core/v1.1",
      "git_blob": "3da47515a44c58d54ef4ec474019c9e57ab694f4",
      "path": "docs/v1.1/core-spec.md",
      "sha256": "1eefa7a138f2d221140137a5fac0f5429b7f847273fe9d70e891ace6c3b7a89b"
    },
    {
      "contract_id": "sdlc-ai-spec/spec/vfy/v1.1",
      "git_blob": "270e1291e450a129d842833b996a75c57d45b58e",
      "path": "docs/v1.1/500-vfy-spec.md",
      "sha256": "ea0aa412195b1d9f68b74dc39506e5aae635aa599f9099be3b2780f7508e6aad"
    }
  ],
  "provisional": false,
  "require_final": true,
  "status": "PASS"
}

STDERR
