source_sha = 5ea3ba9aa7288021c4d99b14cff76ec0fc405841
base_sha = 638e27221b13d74208b54f78530cf338f67879af
{"attempts": [{"attempt": 1, "delay_before_seconds": 0, "duration_ms": 4440, "exit_code": 0, "finished_at": "2026-09-05T01:44:41Z", "started_at": "2026-09-05T01:44:36Z", "stderr_log": "quick-logs/critical_case_coverage-attempt-1.stderr.log", "stderr_sha256": "sha256:e3b0c44298fc1c149afbf4c8996fb92427ae41e4649b934ca495991b7852b855", "stdout_log": "quick-logs/critical_case_coverage-attempt-1.stdout.log", "stdout_sha256": "sha256:6d33fba29987ffbcdadedf8ac8c60aef84d85632a06480274278b7242c7c1e08", "transient_network_failure": false}], "base_sha": "638e27221b13d74208b54f78530cf338f67879af", "command": ["/opt/homebrew/opt/python@3.14/bin/python3.14", "tools/validate_sdlc_500_vfy_case_coverage.py"], "cwd": ".", "duration_ms": 4440, "exit_code": 0, "finished_at": "2026-09-05T01:44:41Z", "name": "critical_case_coverage", "source_sha": "5ea3ba9aa7288021c4d99b14cff76ec0fc405841", "started_at": "2026-09-05T01:44:36Z", "status": "PASS", "stderr_log": "quick-logs/critical_case_coverage-attempt-1.stderr.log", "stderr_sha256": "sha256:e3b0c44298fc1c149afbf4c8996fb92427ae41e4649b934ca495991b7852b855", "stdout_log": "quick-logs/critical_case_coverage-attempt-1.stdout.log", "stdout_sha256": "sha256:6d33fba29987ffbcdadedf8ac8c60aef84d85632a06480274278b7242c7c1e08"}
STDOUT
{
  "case_count": 80,
  "contract": "sdlc-ai-spec/vfy-case-coverage-result/v1",
  "executed_primary_tests": 80,
  "expected_failures": 0,
  "harness": "tests/evals/vfy_case_harness.py",
  "oracle_branches": 80,
  "primary_tests": [
    "tests.skill_vfy.test_interface.VfyInterfaceCases.test_vfy_e001",
    "tests.skill_vfy.test_interface.VfyInterfaceCases.test_vfy_e002",
    "tests.skill_vfy.test_interface.VfyInterfaceCases.test_vfy_e003",
    "tests.skill_vfy.test_interface.VfyInterfaceCases.test_vfy_e004",
    "tests.skill_vfy.test_interface.VfyInterfaceCases.test_vfy_e005",
    "tests.skill_vfy.test_interface.VfyInterfaceCases.test_vfy_e006",
    "tests.skill_vfy.test_interface.VfyInterfaceCases.test_vfy_e007",
    "tests.skill_vfy.test_interface.VfyInterfaceCases.test_vfy_e008",
    "tests.skill_vfy.test_interface.VfyInterfaceCases.test_vfy_e009",
    "tests.skill_vfy.test_scope_subject.VfyScopeSubjectCases.test_vfy_e010",
    "tests.skill_vfy.test_scope_subject.VfyScopeSubjectCases.test_vfy_e011",
    "tests.skill_vfy.test_scope_subject.VfyScopeSubjectCases.test_vfy_e012",
    "tests.skill_vfy.test_scope_subject.VfyScopeSubjectCases.test_vfy_e013",
    "tests.skill_vfy.test_scope_subject.VfyScopeSubjectCases.test_vfy_e014",
    "tests.skill_vfy.test_scope_subject.VfyScopeSubjectCases.test_vfy_e015",
    "tests.skill_vfy.test_scope_subject.VfyScopeSubjectCases.test_vfy_e016",
    "tests.skill_vfy.test_scope_subject.VfyScopeSubjectCases.test_vfy_e017",
    "tests.skill_vfy.test_scope_subject.VfyScopeSubjectCases.test_vfy_e018",
    "tests.skill_vfy.test_scope_subject.VfyScopeSubjectCases.test_vfy_e019",
    "tests.skill_vfy.test_targets.VfyTargetCases.test_vfy_e020",
    "tests.skill_vfy.test_targets.VfyTargetCases.test_vfy_e021",
    "tests.skill_vfy.test_targets.VfyTargetCases.test_vfy_e022",
    "tests.skill_vfy.test_targets.VfyTargetCases.test_vfy_e023",
    "tests.skill_vfy.test_targets.VfyTargetCases.test_vfy_e024",
    "tests.skill_vfy.test_targets.VfyTargetCases.test_vfy_e025",
    "tests.skill_vfy.test_methods.VfyMethodCases.test_vfy_e026",
    "tests.skill_vfy.test_methods.VfyMethodCases.test_vfy_e027",
    "tests.skill_vfy.test_methods.VfyMethodCases.test_vfy_e028",
    "tests.skill_vfy.test_methods.VfyMethodCases.test_vfy_e029",
    "tests.skill_vfy.test_methods.VfyMethodCases.test_vfy_e030",
    "tests.skill_vfy.test_methods.VfyMethodCases.test_vfy_e031",
    "tests.skill_vfy.test_methods.VfyMethodCases.test_vfy_e032",
    "tests.skill_vfy.test_methods.VfyMethodCases.test_vfy_e033",
    "tests.skill_vfy.test_methods.VfyMethodCases.test_vfy_e034",
    "tests.skill_vfy.test_methods.VfyMethodCases.test_vfy_e035",
    "tests.skill_vfy.test_methods.VfyMethodCases.test_vfy_e036",
    "tests.skill_vfy.test_methods.VfyMethodCases.test_vfy_e037",
    "tests.skill_vfy.test_methods.VfyMethodCases.test_vfy_e038",
    "tests.skill_vfy.test_methods.VfyMethodCases.test_vfy_e039",
    "tests.skill_vfy.test_methods.VfyMethodCases.test_vfy_e040",
    "tests.skill_vfy.test_executor_evidence.VfyExecutorEvidenceCases.test_vfy_e041",
    "tests.skill_vfy.test_executor_evidence.VfyExecutorEvidenceCases.test_vfy_e042",
    "tests.skill_vfy.test_executor_evidence.VfyExecutorEvidenceCases.test_vfy_e043",
    "tests.skill_vfy.test_executor_evidence.VfyExecutorEvidenceCases.test_vfy_e044",
    "tests.skill_vfy.test_executor_evidence.VfyExecutorEvidenceCases.test_vfy_e045",
    "tests.skill_vfy.test_executor_evidence.VfyExecutorEvidenceCases.test_vfy_e046",
    "tests.skill_vfy.test_executor_evidence.VfyExecutorEvidenceCases.test_vfy_e047",
    "tests.skill_vfy.test_executor_evidence.VfyExecutorEvidenceCases.test_vfy_e048",
    "tests.skill_vfy.test_executor_evidence.VfyExecutorEvidenceCases.test_vfy_e049",
    "tests.skill_vfy.test_executor_evidence.VfyExecutorEvidenceCases.test_vfy_e050",
    "tests.skill_vfy.test_executor_evidence.VfyExecutorEvidenceCases.test_vfy_e051",
    "tests.skill_vfy.test_conclusions_returns.VfyConclusionReturnCases.test_vfy_e052",
    "tests.skill_vfy.test_conclusions_returns.VfyConclusionReturnCases.test_vfy_e053",
    "tests.skill_vfy.test_conclusions_returns.VfyConclusionReturnCases.test_vfy_e054",
    "tests.skill_vfy.test_conclusions_returns.VfyConclusionReturnCases.test_vfy_e055",
    "tests.skill_vfy.test_conclusions_returns.VfyConclusionReturnCases.test_vfy_e056",
    "tests.skill_vfy.test_conclusions_returns.VfyConclusionReturnCases.test_vfy_e057",
    "tests.skill_vfy.test_conclusions_returns.VfyConclusionReturnCases.test_vfy_e058",
    "tests.skill_vfy.test_conclusions_returns.VfyConclusionReturnCases.test_vfy_e059",
    "tests.skill_vfy.test_conclusions_returns.VfyConclusionReturnCases.test_vfy_e060",
    "tests.skill_vfy.test_conclusions_returns.VfyConclusionReturnCases.test_vfy_e061",
    "tests.skill_vfy.test_conclusions_returns.VfyConclusionReturnCases.test_vfy_e062",
    "tests.skill_vfy.test_conclusions_returns.VfyConclusionReturnCases.test_vfy_e063",
    "tests.skill_vfy.test_conclusions_returns.VfyConclusionReturnCases.test_vfy_e064",
    "tests.skill_vfy.test_early_stop.VfyEarlyStopCases.test_vfy_e065",
    "tests.skill_vfy.test_early_stop.VfyEarlyStopCases.test_vfy_e066",
    "tests.skill_vfy.test_early_stop.VfyEarlyStopCases.test_vfy_e067",
    "tests.skill_vfy.test_early_stop.VfyEarlyStopCases.test_vfy_e068",
    "tests.skill_vfy.test_early_stop.VfyEarlyStopCases.test_vfy_e069",
    "tests.skill_vfy.test_early_stop.VfyEarlyStopCases.test_vfy_e070",
    "tests.skill_vfy.test_revision_lifecycle.VfyRevisionLifecycleCases.test_vfy_e071",
    "tests.skill_vfy.test_revision_lifecycle.VfyRevisionLifecycleCases.test_vfy_e072",
    "tests.skill_vfy.test_revision_lifecycle.VfyRevisionLifecycleCases.test_vfy_e073",
    "tests.skill_vfy.test_revision_lifecycle.VfyRevisionLifecycleCases.test_vfy_e074",
    "tests.skill_vfy.test_revision_lifecycle.VfyRevisionLifecycleCases.test_vfy_e075",
    "tests.skill_vfy.test_revision_lifecycle.VfyRevisionLifecycleCases.test_vfy_e076",
    "tests.skill_vfy.test_revision_lifecycle.VfyRevisionLifecycleCases.test_vfy_e077",
    "tests.skill_vfy.test_revision_lifecycle.VfyRevisionLifecycleCases.test_vfy_e078",
    "tests.skill_vfy.test_revision_lifecycle.VfyRevisionLifecycleCases.test_vfy_e079",
    "tests.skill_vfy.test_revision_lifecycle.VfyRevisionLifecycleCases.test_vfy_e080"
  ],
  "registry": "tests/evals/sdlc_500_vfy_cases.json",
  "skipped": 0,
  "status": "PASS",
  "test_modules": [
    "tests/skill_vfy/test_interface.py",
    "tests/skill_vfy/test_scope_subject.py",
    "tests/skill_vfy/test_targets.py",
    "tests/skill_vfy/test_methods.py",
    "tests/skill_vfy/test_executor_evidence.py",
    "tests/skill_vfy/test_conclusions_returns.py",
    "tests/skill_vfy/test_early_stop.py",
    "tests/skill_vfy/test_revision_lifecycle.py"
  ],
  "unique_case_ids": 80,
  "unique_primary_tests": 80
}

STDERR
