{
  "check_read_only": true,
  "commands": [
    {
      "command": [
        "/opt/homebrew/opt/python@3.14/bin/python3.14",
        "/var/folders/k9/zv9qrcrn1f32drkcdhms3gx80000gn/T/vfy-installed-zb81v9m4/plugin/skills/sdlc-500-vfy/scripts/runtime.py",
        "help"
      ],
      "cwd": "/var/folders/k9/zv9qrcrn1f32drkcdhms3gx80000gn/T/vfy-installed-zb81v9m4/project",
      "exit_code": 0,
      "name": "help",
      "stderr_sha256": "e3b0c44298fc1c149afbf4c8996fb92427ae41e4649b934ca495991b7852b855",
      "stdout_sha256": "68497804a53be7d64b800e80c9e990d12b30e5da31625bf69089c80b32967c07"
    },
    {
      "command": [
        "/opt/homebrew/opt/python@3.14/bin/python3.14",
        "/var/folders/k9/zv9qrcrn1f32drkcdhms3gx80000gn/T/vfy-installed-zb81v9m4/plugin/skills/sdlc-500-vfy/scripts/runtime.py",
        "version"
      ],
      "cwd": "/var/folders/k9/zv9qrcrn1f32drkcdhms3gx80000gn/T/vfy-installed-zb81v9m4/project",
      "exit_code": 0,
      "name": "version",
      "stderr_sha256": "e3b0c44298fc1c149afbf4c8996fb92427ae41e4649b934ca495991b7852b855",
      "stdout_sha256": "c1a4a857be468d1fad357ff73120cb458b873d36eb8ca2b0a8ac5ab6f3a04371"
    },
    {
      "command": [
        "/opt/homebrew/opt/python@3.14/bin/python3.14",
        "/var/folders/k9/zv9qrcrn1f32drkcdhms3gx80000gn/T/vfy-installed-zb81v9m4/plugin/skills/sdlc-500-vfy/scripts/runtime.py",
        "commands"
      ],
      "cwd": "/var/folders/k9/zv9qrcrn1f32drkcdhms3gx80000gn/T/vfy-installed-zb81v9m4/project",
      "exit_code": 0,
      "name": "commands",
      "stderr_sha256": "e3b0c44298fc1c149afbf4c8996fb92427ae41e4649b934ca495991b7852b855",
      "stdout_sha256": "e660464101c2ee8a65f6697c1d5558842a95250739ae8b556a8c75b424eff4d7"
    },
    {
      "command": [
        "/opt/homebrew/opt/python@3.14/bin/python3.14",
        "/var/folders/k9/zv9qrcrn1f32drkcdhms3gx80000gn/T/vfy-installed-zb81v9m4/plugin/skills/sdlc-500-vfy/scripts/runtime.py",
        "examples"
      ],
      "cwd": "/var/folders/k9/zv9qrcrn1f32drkcdhms3gx80000gn/T/vfy-installed-zb81v9m4/project",
      "exit_code": 0,
      "name": "examples",
      "stderr_sha256": "e3b0c44298fc1c149afbf4c8996fb92427ae41e4649b934ca495991b7852b855",
      "stdout_sha256": "95c092a6d02cd84a143dd18d0316cf782fb8025a12fa3a0d809b5c62f1ed4230"
    },
    {
      "command": [
        "/opt/homebrew/opt/python@3.14/bin/python3.14",
        "/var/folders/k9/zv9qrcrn1f32drkcdhms3gx80000gn/T/vfy-installed-zb81v9m4/plugin/skills/sdlc-500-vfy/scripts/runtime.py",
        "create",
        "--project-root",
        "/var/folders/k9/zv9qrcrn1f32drkcdhms3gx80000gn/T/vfy-installed-zb81v9m4/project",
        "--output",
        "json",
        "--input",
        "PLN-20260904010000-01@1",
        "--input",
        "IMP-20260904010000-01@1/RESULT-RES-001"
      ],
      "cwd": "/var/folders/k9/zv9qrcrn1f32drkcdhms3gx80000gn/T/vfy-installed-zb81v9m4/project",
      "exit_code": 0,
      "name": "create",
      "stderr_sha256": "e3b0c44298fc1c149afbf4c8996fb92427ae41e4649b934ca495991b7852b855",
      "stdout_sha256": "33b0b35fe7416ae3b54bb1718268c54245c1c5c83873b1b4c11be91bf456e6df"
    },
    {
      "command": [
        "/opt/homebrew/opt/python@3.14/bin/python3.14",
        "/var/folders/k9/zv9qrcrn1f32drkcdhms3gx80000gn/T/vfy-installed-zb81v9m4/plugin/skills/sdlc-500-vfy/scripts/runtime.py",
        "run",
        "--project-root",
        "/var/folders/k9/zv9qrcrn1f32drkcdhms3gx80000gn/T/vfy-installed-zb81v9m4/project",
        "--reference",
        "VFY-20260905161707-01@1",
        "--output",
        "json"
      ],
      "cwd": "/var/folders/k9/zv9qrcrn1f32drkcdhms3gx80000gn/T/vfy-installed-zb81v9m4/project",
      "exit_code": 0,
      "name": "run",
      "stderr_sha256": "e3b0c44298fc1c149afbf4c8996fb92427ae41e4649b934ca495991b7852b855",
      "stdout_sha256": "b8d2d041637dfa910a67e822dce1bbdc974168fb5c4eb4efc4d846dfae6c53e2"
    },
    {
      "command": [
        "/opt/homebrew/opt/python@3.14/bin/python3.14",
        "-c",
        "\nimport json\nfrom pathlib import Path\nimport sys\n\ninstalled = Path(sys.argv[1])\nroot = Path(sys.argv[2])\nlabel = sys.argv[3]\nmode = sys.argv[4]\nsys.path[:0] = [str(installed), str(installed / \"skills/sdlc-500-vfy/scripts\")]\n\nfrom packages.sdlc_artifact_store import compute_sha256\nfrom packages.sdlc_runtime.authority import (\n    DELEGATED_AUTHORITY_HEADERS,\n    DELEGATED_EXCLUDED_AUTHORITY,\n    DELEGATED_INDEPENDENCE,\n)\nfrom vfy_handler import VfyHandler\n\nstate = json.load(sys.stdin)\nbindings = VfyHandler(root).confirmation_requirements(state)\nauthority_dir = root / \".sdlc/authority\"\nauthority_dir.mkdir(parents=True, exist_ok=True)\nif mode == \"human\":\n    raw = b\"decision: approved\\nauthority: product owner\\n\"\n    authority = authority_dir / f\"vfy-installed-{label}-human.txt\"\n    authority.write_bytes(raw)\n    accepted = [\n        f\"{state['artifact']['reference']}#{item['id']}\"\n        for item in state.get(\"exceptions\", [])\n        if item.get(\"state\") in {\"active\", \"carried\"}\n    ]\n    print(json.dumps({\n        \"mode\": \"human\",\n        \"confirmer\": \"installed-product-owner\",\n        \"role\": \"Product Owner\",\n        \"authority_reference\": authority.relative_to(root).as_posix() + \"@\" + compute_sha256(raw),\n        \"accepted_exception_references\": accepted,\n        \"confirmed_at\": \"2026-09-04T10:30:00Z\",\n        **bindings,\n    }, sort_keys=True))\n    raise SystemExit(0)\nif mode != \"delegated\":\n    raise SystemExit(\"unsupported confirmation mode\")\nbasis = authority_dir / f\"vfy-installed-{label}-delegation.txt\"\nbasis.write_text(\"Independent deterministic VFY contract review authority.\\n\", encoding=\"utf-8\")\nbasis_reference = basis.relative_to(root).as_posix() + \"@\" + compute_sha256(basis.read_bytes())\nreviewer = \"installed-independent-reviewer\"\nexecutors = {\n    item[\"executor_identity\"]\n    for item in state[\"methods\"]\n    if item[\"disposition\"] in {\"required\", \"embedded\"}\n}\nif len(executors) != 1:\n    raise SystemExit(\"installed fixture requires one exact Executor identity\")\nexecutor = next(iter(executors))\nvalues = (\n    basis_reference,\n    reviewer,\n    \"Delegated Independent Reviewer\",\n    executor,\n    DELEGATED_INDEPENDENCE,\n    bindings[\"control_input_digest\"],\n    bindings[\"evaluation_contract_set\"],\n    bindings[\"check_set_result_digest\"],\n    DELEGATED_EXCLUDED_AUTHORITY,\n)\nraw = (\"\\n\".join((\n    \"---\",\n    \"contract: sdlc-ai-spec/final-confirmation-authority/v1\",\n    f\"artifact: {state['artifact']['reference']}\",\n    \"decision: approved\",\n    \"decided_at: 2026-09-04T10:30:00Z\",\n    \"---\",\n    \"\",\n    \"| \" + \" | \".join(DELEGATED_AUTHORITY_HEADERS) + \" |\",\n    \"|\" + \"|\".join(\"---\" for _ in DELEGATED_AUTHORITY_HEADERS) + \"|\",\n    \"| \" + \" | \".join(values) + \" |\",\n)) + \"\\n\").encode(\"utf-8\")\nauthority = authority_dir / f\"vfy-installed-{label}-confirmation.md\"\nauthority.write_bytes(raw)\nprint(json.dumps({\n    \"mode\": \"delegated\",\n    \"confirmer\": reviewer,\n    \"role\": \"Delegated Independent Reviewer\",\n    \"reviewed_executor\": executor,\n    \"authority_reference\": authority.relative_to(root).as_posix() + \"@\" + compute_sha256(raw),\n    \"accepted_exception_references\": [],\n    \"confirmed_at\": \"2026-09-04T10:30:00Z\",\n    **bindings,\n}, sort_keys=True))\n",
        "/var/folders/k9/zv9qrcrn1f32drkcdhms3gx80000gn/T/vfy-installed-zb81v9m4/plugin",
        "/var/folders/k9/zv9qrcrn1f32drkcdhms3gx80000gn/T/vfy-installed-zb81v9m4/project",
        "pass",
        "delegated"
      ],
      "cwd": "/var/folders/k9/zv9qrcrn1f32drkcdhms3gx80000gn/T/vfy-installed-zb81v9m4/project",
      "exit_code": 0,
      "name": "delegated_confirmation_pass",
      "stderr_sha256": "e3b0c44298fc1c149afbf4c8996fb92427ae41e4649b934ca495991b7852b855",
      "stdout_sha256": "154a73df2121315920730391ee5c4fb6710438515073eb19f8f57e17c6c68e95"
    },
    {
      "command": [
        "/opt/homebrew/opt/python@3.14/bin/python3.14",
        "/var/folders/k9/zv9qrcrn1f32drkcdhms3gx80000gn/T/vfy-installed-zb81v9m4/plugin/skills/sdlc-500-vfy/scripts/runtime.py",
        "run",
        "--project-root",
        "/var/folders/k9/zv9qrcrn1f32drkcdhms3gx80000gn/T/vfy-installed-zb81v9m4/project",
        "--reference",
        "VFY-20260905161707-01@1",
        "--output",
        "json"
      ],
      "cwd": "/var/folders/k9/zv9qrcrn1f32drkcdhms3gx80000gn/T/vfy-installed-zb81v9m4/project",
      "exit_code": 0,
      "name": "finalize",
      "stderr_sha256": "e3b0c44298fc1c149afbf4c8996fb92427ae41e4649b934ca495991b7852b855",
      "stdout_sha256": "49aedfb79c2f81e342fc2dca72e398e5b86495e1edaecdda330167cfbed76ac9"
    },
    {
      "command": [
        "/opt/homebrew/opt/python@3.14/bin/python3.14",
        "/var/folders/k9/zv9qrcrn1f32drkcdhms3gx80000gn/T/vfy-installed-zb81v9m4/plugin/skills/sdlc-500-vfy/scripts/runtime.py",
        "check",
        "--project-root",
        "/var/folders/k9/zv9qrcrn1f32drkcdhms3gx80000gn/T/vfy-installed-zb81v9m4/project",
        "--reference",
        "VFY-20260905161707-01@1",
        "--output",
        "json"
      ],
      "cwd": "/var/folders/k9/zv9qrcrn1f32drkcdhms3gx80000gn/T/vfy-installed-zb81v9m4/project",
      "exit_code": 0,
      "name": "check",
      "stderr_sha256": "e3b0c44298fc1c149afbf4c8996fb92427ae41e4649b934ca495991b7852b855",
      "stdout_sha256": "05b4922b356c4e0506f6901fa899a3b191b470268caf6d2aceab76d96fa23df4"
    },
    {
      "command": [
        "/opt/homebrew/opt/python@3.14/bin/python3.14",
        "/var/folders/k9/zv9qrcrn1f32drkcdhms3gx80000gn/T/vfy-installed-zb81v9m4/plugin/skills/sdlc-500-vfy/scripts/runtime.py",
        "revise",
        "--project-root",
        "/var/folders/k9/zv9qrcrn1f32drkcdhms3gx80000gn/T/vfy-installed-zb81v9m4/project",
        "--reference",
        "VFY-20260905161707-01@1",
        "--output",
        "json",
        "--input",
        "PLN-20260904010000-01@1",
        "--input",
        "IMP-20260904010000-01@1/RESULT-RES-001"
      ],
      "cwd": "/var/folders/k9/zv9qrcrn1f32drkcdhms3gx80000gn/T/vfy-installed-zb81v9m4/project",
      "exit_code": 0,
      "name": "revise",
      "stderr_sha256": "e3b0c44298fc1c149afbf4c8996fb92427ae41e4649b934ca495991b7852b855",
      "stdout_sha256": "2a47129e050bda9fac61275426e2a27c683c7017b931ad18f72a9c72cadacb61"
    },
    {
      "command": [
        "/opt/homebrew/opt/python@3.14/bin/python3.14",
        "/var/folders/k9/zv9qrcrn1f32drkcdhms3gx80000gn/T/vfy-installed-zb81v9m4/plugin/skills/sdlc-500-vfy/scripts/runtime.py",
        "create",
        "--project-root",
        "/var/folders/k9/zv9qrcrn1f32drkcdhms3gx80000gn/T/vfy-installed-zb81v9m4/return-project",
        "--output",
        "json",
        "--input",
        "PLN-20260904010000-01@1",
        "--input",
        "IMP-20260904010000-01@1/RESULT-RES-001"
      ],
      "cwd": "/var/folders/k9/zv9qrcrn1f32drkcdhms3gx80000gn/T/vfy-installed-zb81v9m4/return-project",
      "exit_code": 0,
      "name": "return_create",
      "stderr_sha256": "e3b0c44298fc1c149afbf4c8996fb92427ae41e4649b934ca495991b7852b855",
      "stdout_sha256": "d0ba3bc8388210968aaf987e575baed08071368d36fb173c15135cb7dabf94a4"
    },
    {
      "command": [
        "/opt/homebrew/opt/python@3.14/bin/python3.14",
        "/var/folders/k9/zv9qrcrn1f32drkcdhms3gx80000gn/T/vfy-installed-zb81v9m4/plugin/skills/sdlc-500-vfy/scripts/runtime.py",
        "run",
        "--project-root",
        "/var/folders/k9/zv9qrcrn1f32drkcdhms3gx80000gn/T/vfy-installed-zb81v9m4/return-project",
        "--reference",
        "VFY-20260905161708-01@1",
        "--output",
        "json"
      ],
      "cwd": "/var/folders/k9/zv9qrcrn1f32drkcdhms3gx80000gn/T/vfy-installed-zb81v9m4/return-project",
      "exit_code": 0,
      "name": "return",
      "stderr_sha256": "e3b0c44298fc1c149afbf4c8996fb92427ae41e4649b934ca495991b7852b855",
      "stdout_sha256": "3a8e48aa38c6e84a66293c3f2c488d594d16ae97645e11525861b89ceceddfa7"
    },
    {
      "command": [
        "/opt/homebrew/opt/python@3.14/bin/python3.14",
        "-c",
        "\nimport json\nfrom pathlib import Path\nimport sys\n\ninstalled = Path(sys.argv[1])\nroot = Path(sys.argv[2])\nlabel = sys.argv[3]\nmode = sys.argv[4]\nsys.path[:0] = [str(installed), str(installed / \"skills/sdlc-500-vfy/scripts\")]\n\nfrom packages.sdlc_artifact_store import compute_sha256\nfrom packages.sdlc_runtime.authority import (\n    DELEGATED_AUTHORITY_HEADERS,\n    DELEGATED_EXCLUDED_AUTHORITY,\n    DELEGATED_INDEPENDENCE,\n)\nfrom vfy_handler import VfyHandler\n\nstate = json.load(sys.stdin)\nbindings = VfyHandler(root).confirmation_requirements(state)\nauthority_dir = root / \".sdlc/authority\"\nauthority_dir.mkdir(parents=True, exist_ok=True)\nif mode == \"human\":\n    raw = b\"decision: approved\\nauthority: product owner\\n\"\n    authority = authority_dir / f\"vfy-installed-{label}-human.txt\"\n    authority.write_bytes(raw)\n    accepted = [\n        f\"{state['artifact']['reference']}#{item['id']}\"\n        for item in state.get(\"exceptions\", [])\n        if item.get(\"state\") in {\"active\", \"carried\"}\n    ]\n    print(json.dumps({\n        \"mode\": \"human\",\n        \"confirmer\": \"installed-product-owner\",\n        \"role\": \"Product Owner\",\n        \"authority_reference\": authority.relative_to(root).as_posix() + \"@\" + compute_sha256(raw),\n        \"accepted_exception_references\": accepted,\n        \"confirmed_at\": \"2026-09-04T10:30:00Z\",\n        **bindings,\n    }, sort_keys=True))\n    raise SystemExit(0)\nif mode != \"delegated\":\n    raise SystemExit(\"unsupported confirmation mode\")\nbasis = authority_dir / f\"vfy-installed-{label}-delegation.txt\"\nbasis.write_text(\"Independent deterministic VFY contract review authority.\\n\", encoding=\"utf-8\")\nbasis_reference = basis.relative_to(root).as_posix() + \"@\" + compute_sha256(basis.read_bytes())\nreviewer = \"installed-independent-reviewer\"\nexecutors = {\n    item[\"executor_identity\"]\n    for item in state[\"methods\"]\n    if item[\"disposition\"] in {\"required\", \"embedded\"}\n}\nif len(executors) != 1:\n    raise SystemExit(\"installed fixture requires one exact Executor identity\")\nexecutor = next(iter(executors))\nvalues = (\n    basis_reference,\n    reviewer,\n    \"Delegated Independent Reviewer\",\n    executor,\n    DELEGATED_INDEPENDENCE,\n    bindings[\"control_input_digest\"],\n    bindings[\"evaluation_contract_set\"],\n    bindings[\"check_set_result_digest\"],\n    DELEGATED_EXCLUDED_AUTHORITY,\n)\nraw = (\"\\n\".join((\n    \"---\",\n    \"contract: sdlc-ai-spec/final-confirmation-authority/v1\",\n    f\"artifact: {state['artifact']['reference']}\",\n    \"decision: approved\",\n    \"decided_at: 2026-09-04T10:30:00Z\",\n    \"---\",\n    \"\",\n    \"| \" + \" | \".join(DELEGATED_AUTHORITY_HEADERS) + \" |\",\n    \"|\" + \"|\".join(\"---\" for _ in DELEGATED_AUTHORITY_HEADERS) + \"|\",\n    \"| \" + \" | \".join(values) + \" |\",\n)) + \"\\n\").encode(\"utf-8\")\nauthority = authority_dir / f\"vfy-installed-{label}-confirmation.md\"\nauthority.write_bytes(raw)\nprint(json.dumps({\n    \"mode\": \"delegated\",\n    \"confirmer\": reviewer,\n    \"role\": \"Delegated Independent Reviewer\",\n    \"reviewed_executor\": executor,\n    \"authority_reference\": authority.relative_to(root).as_posix() + \"@\" + compute_sha256(raw),\n    \"accepted_exception_references\": [],\n    \"confirmed_at\": \"2026-09-04T10:30:00Z\",\n    **bindings,\n}, sort_keys=True))\n",
        "/var/folders/k9/zv9qrcrn1f32drkcdhms3gx80000gn/T/vfy-installed-zb81v9m4/plugin",
        "/var/folders/k9/zv9qrcrn1f32drkcdhms3gx80000gn/T/vfy-installed-zb81v9m4/return-project",
        "return",
        "delegated"
      ],
      "cwd": "/var/folders/k9/zv9qrcrn1f32drkcdhms3gx80000gn/T/vfy-installed-zb81v9m4/return-project",
      "exit_code": 0,
      "name": "delegated_confirmation_return",
      "stderr_sha256": "e3b0c44298fc1c149afbf4c8996fb92427ae41e4649b934ca495991b7852b855",
      "stdout_sha256": "14f8ca7becde1bf388ac3d1a19076b588dc860ca22327b223eb607eda28f4fe2"
    },
    {
      "command": [
        "/opt/homebrew/opt/python@3.14/bin/python3.14",
        "/var/folders/k9/zv9qrcrn1f32drkcdhms3gx80000gn/T/vfy-installed-zb81v9m4/plugin/skills/sdlc-500-vfy/scripts/runtime.py",
        "run",
        "--project-root",
        "/var/folders/k9/zv9qrcrn1f32drkcdhms3gx80000gn/T/vfy-installed-zb81v9m4/return-project",
        "--reference",
        "VFY-20260905161708-01@1",
        "--output",
        "json"
      ],
      "cwd": "/var/folders/k9/zv9qrcrn1f32drkcdhms3gx80000gn/T/vfy-installed-zb81v9m4/return-project",
      "exit_code": 0,
      "name": "return_finalize",
      "stderr_sha256": "e3b0c44298fc1c149afbf4c8996fb92427ae41e4649b934ca495991b7852b855",
      "stdout_sha256": "ed8ed5204c09fb77fdefa8e0dfe50d8dfd36d26918a13e93baa3a1ea765c0846"
    },
    {
      "command": [
        "/opt/homebrew/opt/python@3.14/bin/python3.14",
        "-c",
        "\nimport json\nfrom pathlib import Path\nimport sys\n\ninstalled = Path(sys.argv[1])\nsys.path[:0] = [\n    str(installed),\n    str(installed / \"skills/sdlc-status/scripts\"),\n]\nfrom packages.sdlc_lifecycle.query_vfy import project_vfy_state\nfrom vfy_projection import project_vfy_status\n\nstate = json.load(sys.stdin)\nprint(json.dumps({\n    \"lifecycle\": project_vfy_state(state).to_dict(),\n    \"status\": project_vfy_status(state),\n}, sort_keys=True))\n",
        "/var/folders/k9/zv9qrcrn1f32drkcdhms3gx80000gn/T/vfy-installed-zb81v9m4/plugin"
      ],
      "cwd": "/var/folders/k9/zv9qrcrn1f32drkcdhms3gx80000gn/T/vfy-installed-zb81v9m4/return-project",
      "exit_code": 0,
      "name": "lifecycle_projection",
      "stderr_sha256": "e3b0c44298fc1c149afbf4c8996fb92427ae41e4649b934ca495991b7852b855",
      "stdout_sha256": "784b7fab3561b719b3b79d2779ad61e0aff318127fd0f432630fbd39606624ed"
    },
    {
      "command": [
        "/opt/homebrew/opt/python@3.14/bin/python3.14",
        "/var/folders/k9/zv9qrcrn1f32drkcdhms3gx80000gn/T/vfy-installed-zb81v9m4/plugin/skills/sdlc-500-vfy/scripts/runtime.py",
        "create",
        "--project-root",
        "/var/folders/k9/zv9qrcrn1f32drkcdhms3gx80000gn/T/vfy-installed-zb81v9m4/exception-project",
        "--output",
        "json"
      ],
      "cwd": "/var/folders/k9/zv9qrcrn1f32drkcdhms3gx80000gn/T/vfy-installed-zb81v9m4/exception-project",
      "exit_code": 0,
      "name": "exception_create",
      "stderr_sha256": "e3b0c44298fc1c149afbf4c8996fb92427ae41e4649b934ca495991b7852b855",
      "stdout_sha256": "6ac4cef4a58b98190b07b3e2a52c59b9ed6b8ec05f72532696f057f9e121c954"
    },
    {
      "command": [
        "/opt/homebrew/opt/python@3.14/bin/python3.14",
        "-c",
        "\nimport json\nfrom pathlib import Path\nimport sys\n\ninstalled = Path(sys.argv[1])\nroot = Path(sys.argv[2])\nlabel = sys.argv[3]\nmode = sys.argv[4]\nsys.path[:0] = [str(installed), str(installed / \"skills/sdlc-500-vfy/scripts\")]\n\nfrom packages.sdlc_artifact_store import compute_sha256\nfrom packages.sdlc_runtime.authority import (\n    DELEGATED_AUTHORITY_HEADERS,\n    DELEGATED_EXCLUDED_AUTHORITY,\n    DELEGATED_INDEPENDENCE,\n)\nfrom vfy_handler import VfyHandler\n\nstate = json.load(sys.stdin)\nbindings = VfyHandler(root).confirmation_requirements(state)\nauthority_dir = root / \".sdlc/authority\"\nauthority_dir.mkdir(parents=True, exist_ok=True)\nif mode == \"human\":\n    raw = b\"decision: approved\\nauthority: product owner\\n\"\n    authority = authority_dir / f\"vfy-installed-{label}-human.txt\"\n    authority.write_bytes(raw)\n    accepted = [\n        f\"{state['artifact']['reference']}#{item['id']}\"\n        for item in state.get(\"exceptions\", [])\n        if item.get(\"state\") in {\"active\", \"carried\"}\n    ]\n    print(json.dumps({\n        \"mode\": \"human\",\n        \"confirmer\": \"installed-product-owner\",\n        \"role\": \"Product Owner\",\n        \"authority_reference\": authority.relative_to(root).as_posix() + \"@\" + compute_sha256(raw),\n        \"accepted_exception_references\": accepted,\n        \"confirmed_at\": \"2026-09-04T10:30:00Z\",\n        **bindings,\n    }, sort_keys=True))\n    raise SystemExit(0)\nif mode != \"delegated\":\n    raise SystemExit(\"unsupported confirmation mode\")\nbasis = authority_dir / f\"vfy-installed-{label}-delegation.txt\"\nbasis.write_text(\"Independent deterministic VFY contract review authority.\\n\", encoding=\"utf-8\")\nbasis_reference = basis.relative_to(root).as_posix() + \"@\" + compute_sha256(basis.read_bytes())\nreviewer = \"installed-independent-reviewer\"\nexecutors = {\n    item[\"executor_identity\"]\n    for item in state[\"methods\"]\n    if item[\"disposition\"] in {\"required\", \"embedded\"}\n}\nif len(executors) != 1:\n    raise SystemExit(\"installed fixture requires one exact Executor identity\")\nexecutor = next(iter(executors))\nvalues = (\n    basis_reference,\n    reviewer,\n    \"Delegated Independent Reviewer\",\n    executor,\n    DELEGATED_INDEPENDENCE,\n    bindings[\"control_input_digest\"],\n    bindings[\"evaluation_contract_set\"],\n    bindings[\"check_set_result_digest\"],\n    DELEGATED_EXCLUDED_AUTHORITY,\n)\nraw = (\"\\n\".join((\n    \"---\",\n    \"contract: sdlc-ai-spec/final-confirmation-authority/v1\",\n    f\"artifact: {state['artifact']['reference']}\",\n    \"decision: approved\",\n    \"decided_at: 2026-09-04T10:30:00Z\",\n    \"---\",\n    \"\",\n    \"| \" + \" | \".join(DELEGATED_AUTHORITY_HEADERS) + \" |\",\n    \"|\" + \"|\".join(\"---\" for _ in DELEGATED_AUTHORITY_HEADERS) + \"|\",\n    \"| \" + \" | \".join(values) + \" |\",\n)) + \"\\n\").encode(\"utf-8\")\nauthority = authority_dir / f\"vfy-installed-{label}-confirmation.md\"\nauthority.write_bytes(raw)\nprint(json.dumps({\n    \"mode\": \"delegated\",\n    \"confirmer\": reviewer,\n    \"role\": \"Delegated Independent Reviewer\",\n    \"reviewed_executor\": executor,\n    \"authority_reference\": authority.relative_to(root).as_posix() + \"@\" + compute_sha256(raw),\n    \"accepted_exception_references\": [],\n    \"confirmed_at\": \"2026-09-04T10:30:00Z\",\n    **bindings,\n}, sort_keys=True))\n",
        "/var/folders/k9/zv9qrcrn1f32drkcdhms3gx80000gn/T/vfy-installed-zb81v9m4/plugin",
        "/var/folders/k9/zv9qrcrn1f32drkcdhms3gx80000gn/T/vfy-installed-zb81v9m4/exception-project",
        "exception",
        "human"
      ],
      "cwd": "/var/folders/k9/zv9qrcrn1f32drkcdhms3gx80000gn/T/vfy-installed-zb81v9m4/exception-project",
      "exit_code": 0,
      "name": "human_confirmation_exception",
      "stderr_sha256": "e3b0c44298fc1c149afbf4c8996fb92427ae41e4649b934ca495991b7852b855",
      "stdout_sha256": "adde1444739e46c7875b0bd898f2c41ec7202b26b7265624b74999f366cbcfce"
    },
    {
      "command": [
        "/opt/homebrew/opt/python@3.14/bin/python3.14",
        "/var/folders/k9/zv9qrcrn1f32drkcdhms3gx80000gn/T/vfy-installed-zb81v9m4/plugin/skills/sdlc-500-vfy/scripts/runtime.py",
        "auto",
        "--project-root",
        "/var/folders/k9/zv9qrcrn1f32drkcdhms3gx80000gn/T/vfy-installed-zb81v9m4/exception-project",
        "--output",
        "json"
      ],
      "cwd": "/var/folders/k9/zv9qrcrn1f32drkcdhms3gx80000gn/T/vfy-installed-zb81v9m4/exception-project",
      "exit_code": 0,
      "name": "exception_finalize",
      "stderr_sha256": "e3b0c44298fc1c149afbf4c8996fb92427ae41e4649b934ca495991b7852b855",
      "stdout_sha256": "8313fd609e85725133c737d25a584e9a6ab578d8d9c4e001e408cea559aeb7e7"
    }
  ],
  "contract": "sdlc-ai-spec/vfy-runtime-independence-result/v1",
  "exception_projection": {
    "artifact_gate": "pass_with_exception",
    "artifact_status": "ready_with_exception",
    "product_result": "waived"
  },
  "installed_boundary": {
    "agents_present": false,
    "claude_present": false,
    "docs_present": false,
    "handoff_present": false,
    "packages": true,
    "scripts": true,
    "skills": [
      "_shared",
      "sdlc-500-vfy",
      "sdlc-status"
    ],
    "tests_present": false
  },
  "installed_digest": "52020dfb5c9377ba8ccf085cbff648d4a0f638584df81e6456dc60f978eccc9d",
  "meta_commands": [
    "help",
    "version",
    "commands",
    "examples"
  ],
  "operations": [
    "create",
    "run",
    "revise",
    "check",
    "Return",
    "Exception",
    "Lifecycle projection"
  ],
  "pass_projection": {
    "artifact_gate": "pass",
    "product_result": "pass",
    "rls_ready": false
  },
  "project_final_digest": "4963626f18285fa48ca88a6b85e9f7bb5858b8d7f3d1c1d3726425d24020956d",
  "project_initial_digest": "4963626f18285fa48ca88a6b85e9f7bb5858b8d7f3d1c1d3726425d24020956d",
  "return_project_final_digest": "4963626f18285fa48ca88a6b85e9f7bb5858b8d7f3d1c1d3726425d24020956d",
  "return_project_initial_digest": "4963626f18285fa48ca88a6b85e9f7bb5858b8d7f3d1c1d3726425d24020956d",
  "return_projection": {
    "artifact_gate": "pass",
    "artifact_reference": "VFY-20260905161708-01@1",
    "artifact_status": "ready",
    "early_stop": false,
    "next_action": "RETURN_UPSTREAM",
    "next_phase": "IMP",
    "product_result": "fail",
    "return_phase": "IMP",
    "revision_state": "frozen",
    "rls_applicability": "n/a",
    "rls_ready": false,
    "unresolved_controls": [],
    "unresolved_returns": [
      "RET-001"
    ]
  },
  "status": "PASS",
  "status_projection": {
    "artifact_gate": "pass",
    "artifact_reference": "VFY-20260905161708-01@1",
    "artifact_status": "ready",
    "display": {
      "artifact": "Artifact Gate: pass",
      "downstream": "RLS ready: no",
      "product": "Product Result: fail"
    },
    "early_stop": false,
    "next_action": "RETURN_UPSTREAM",
    "next_phase": "IMP",
    "phase": "VFY",
    "product_result": "fail",
    "return_phase": "IMP",
    "revision_state": "frozen",
    "rls_applicability": "n/a",
    "rls_ready": false,
    "unresolved_returns": [
      "RET-001"
    ]
  }
}
