Listing 'packages'...
Listing 'packages/sdlc_artifact_store'...
Compiling 'packages/sdlc_artifact_store/__init__.py'...
Compiling 'packages/sdlc_artifact_store/__main__.py'...
Compiling 'packages/sdlc_artifact_store/catalog.py'...
Compiling 'packages/sdlc_artifact_store/context_lineage.py'...
Compiling 'packages/sdlc_artifact_store/errors.py'...
Compiling 'packages/sdlc_artifact_store/models.py'...
Compiling 'packages/sdlc_artifact_store/sqlite_store.py'...
Listing 'packages/sdlc_claim_provider'...
Compiling 'packages/sdlc_claim_provider/__init__.py'...
Compiling 'packages/sdlc_claim_provider/models.py'...
Compiling 'packages/sdlc_claim_provider/sqlite_provider.py'...
Listing 'packages/sdlc_execution'...
Compiling 'packages/sdlc_execution/__init__.py'...
Listing 'packages/sdlc_github'...
Compiling 'packages/sdlc_github/__init__.py'...
Compiling 'packages/sdlc_github/models.py'...
Compiling 'packages/sdlc_github/operations.py'...
Compiling 'packages/sdlc_github/records.py'...
Compiling 'packages/sdlc_github/service.py'...
Compiling 'packages/sdlc_github/targets.py'...
Compiling 'packages/sdlc_github/transport.py'...
Listing 'packages/sdlc_lifecycle'...
Compiling 'packages/sdlc_lifecycle/__init__.py'...
Compiling 'packages/sdlc_lifecycle/errors.py'...
Compiling 'packages/sdlc_lifecycle/models.py'...
Compiling 'packages/sdlc_lifecycle/query.py'...
Compiling 'packages/sdlc_lifecycle/query_dsn.py'...
Compiling 'packages/sdlc_lifecycle/query_imp.py'...
Compiling 'packages/sdlc_lifecycle/query_pln.py'...
Compiling 'packages/sdlc_lifecycle/query_rls.py'...
Compiling 'packages/sdlc_lifecycle/query_vfy.py'...
Listing 'packages/sdlc_phasekit'...
Compiling 'packages/sdlc_phasekit/__init__.py'...
Compiling 'packages/sdlc_phasekit/common.py'...
Compiling 'packages/sdlc_phasekit/contracts.py'...
Compiling 'packages/sdlc_phasekit/handler.py'...
Compiling 'packages/sdlc_phasekit/models.py'...
Compiling 'packages/sdlc_phasekit/render.py'...
Compiling 'packages/sdlc_phasekit/verify.py'...
Listing 'packages/sdlc_resource'...
Compiling 'packages/sdlc_resource/__init__.py'...
Listing 'packages/sdlc_runtime'...
Compiling 'packages/sdlc_runtime/__init__.py'...
Compiling 'packages/sdlc_runtime/authority.py'...
Compiling 'packages/sdlc_runtime/authority_compat.py'...
Compiling 'packages/sdlc_runtime/canonical.py'...
Compiling 'packages/sdlc_runtime/control_inputs.py'...
Compiling 'packages/sdlc_runtime/envelopes.py'...
Compiling 'packages/sdlc_runtime/local_paths.py'...
Compiling 'packages/sdlc_runtime/phase.py'...
Compiling 'packages/sdlc_runtime/skill_args.py'...
Compiling 'packages/sdlc_runtime/skill_command.py'...
Compiling 'packages/sdlc_runtime/skill_inputs.py'...
Compiling 'packages/sdlc_runtime/source_lock.py'...
Listing 'scripts'...
Compiling 'scripts/sdlc_artifact_store.py'...
Compiling 'scripts/sdlc_github_mcp.py'...
Compiling 'scripts/sdlc_skill_interface.py'...
