{
  "check_read_only": true,
  "commands": [
    {
      "command": [
        "/opt/homebrew/opt/python@3.14/bin/python3.14",
        "/var/folders/k9/zv9qrcrn1f32drkcdhms3gx80000gn/T/vfy-installed-_cnw1nnt/plugin/skills/sdlc-500-vfy/scripts/runtime.py",
        "help"
      ],
      "cwd": "/var/folders/k9/zv9qrcrn1f32drkcdhms3gx80000gn/T/vfy-installed-_cnw1nnt/project",
      "exit_code": 0,
      "name": "help",
      "stderr_sha256": "e3b0c44298fc1c149afbf4c8996fb92427ae41e4649b934ca495991b7852b855",
      "stdout_sha256": "68497804a53be7d64b800e80c9e990d12b30e5da31625bf69089c80b32967c07"
    },
    {
      "command": [
        "/opt/homebrew/opt/python@3.14/bin/python3.14",
        "/var/folders/k9/zv9qrcrn1f32drkcdhms3gx80000gn/T/vfy-installed-_cnw1nnt/plugin/skills/sdlc-500-vfy/scripts/runtime.py",
        "version"
      ],
      "cwd": "/var/folders/k9/zv9qrcrn1f32drkcdhms3gx80000gn/T/vfy-installed-_cnw1nnt/project",
      "exit_code": 0,
      "name": "version",
      "stderr_sha256": "e3b0c44298fc1c149afbf4c8996fb92427ae41e4649b934ca495991b7852b855",
      "stdout_sha256": "c1a4a857be468d1fad357ff73120cb458b873d36eb8ca2b0a8ac5ab6f3a04371"
    },
    {
      "command": [
        "/opt/homebrew/opt/python@3.14/bin/python3.14",
        "/var/folders/k9/zv9qrcrn1f32drkcdhms3gx80000gn/T/vfy-installed-_cnw1nnt/plugin/skills/sdlc-500-vfy/scripts/runtime.py",
        "commands"
      ],
      "cwd": "/var/folders/k9/zv9qrcrn1f32drkcdhms3gx80000gn/T/vfy-installed-_cnw1nnt/project",
      "exit_code": 0,
      "name": "commands",
      "stderr_sha256": "e3b0c44298fc1c149afbf4c8996fb92427ae41e4649b934ca495991b7852b855",
      "stdout_sha256": "e660464101c2ee8a65f6697c1d5558842a95250739ae8b556a8c75b424eff4d7"
    },
    {
      "command": [
        "/opt/homebrew/opt/python@3.14/bin/python3.14",
        "/var/folders/k9/zv9qrcrn1f32drkcdhms3gx80000gn/T/vfy-installed-_cnw1nnt/plugin/skills/sdlc-500-vfy/scripts/runtime.py",
        "examples"
      ],
      "cwd": "/var/folders/k9/zv9qrcrn1f32drkcdhms3gx80000gn/T/vfy-installed-_cnw1nnt/project",
      "exit_code": 0,
      "name": "examples",
      "stderr_sha256": "e3b0c44298fc1c149afbf4c8996fb92427ae41e4649b934ca495991b7852b855",
      "stdout_sha256": "95c092a6d02cd84a143dd18d0316cf782fb8025a12fa3a0d809b5c62f1ed4230"
    },
    {
      "command": [
        "/opt/homebrew/opt/python@3.14/bin/python3.14",
        "/var/folders/k9/zv9qrcrn1f32drkcdhms3gx80000gn/T/vfy-installed-_cnw1nnt/plugin/skills/sdlc-500-vfy/scripts/runtime.py",
        "create",
        "--project-root",
        "/var/folders/k9/zv9qrcrn1f32drkcdhms3gx80000gn/T/vfy-installed-_cnw1nnt/project",
        "--output",
        "json",
        "--input",
        "PLN-20260904010000-01@1",
        "--input",
        "IMP-20260904010000-01@1/RESULT-RES-001"
      ],
      "cwd": "/var/folders/k9/zv9qrcrn1f32drkcdhms3gx80000gn/T/vfy-installed-_cnw1nnt/project",
      "exit_code": 0,
      "name": "create",
      "stderr_sha256": "e3b0c44298fc1c149afbf4c8996fb92427ae41e4649b934ca495991b7852b855",
      "stdout_sha256": "677ddd5561ff6193bf89c7fa8e9c85a41ec1a10bf704d72f8f0d49bcbe6b8a9b"
    },
    {
      "command": [
        "/opt/homebrew/opt/python@3.14/bin/python3.14",
        "/var/folders/k9/zv9qrcrn1f32drkcdhms3gx80000gn/T/vfy-installed-_cnw1nnt/plugin/skills/sdlc-500-vfy/scripts/runtime.py",
        "run",
        "--project-root",
        "/var/folders/k9/zv9qrcrn1f32drkcdhms3gx80000gn/T/vfy-installed-_cnw1nnt/project",
        "--reference",
        "VFY-20260906031134-01@1",
        "--output",
        "json"
      ],
      "cwd": "/var/folders/k9/zv9qrcrn1f32drkcdhms3gx80000gn/T/vfy-installed-_cnw1nnt/project",
      "exit_code": 0,
      "name": "run",
      "stderr_sha256": "e3b0c44298fc1c149afbf4c8996fb92427ae41e4649b934ca495991b7852b855",
      "stdout_sha256": "0d47e50c4ae8e80806a074539a6ef92488905a2eca9cadb07c33f5a64260c221"
    },
    {
      "command": [
        "/opt/homebrew/opt/python@3.14/bin/python3.14",
        "-c",
        "\nimport json\nfrom pathlib import Path\nimport sys\n\ninstalled = Path(sys.argv[1])\nroot = Path(sys.argv[2])\nlabel = sys.argv[3]\nmode = sys.argv[4]\nsys.path[:0] = [str(installed), str(installed / \"skills/sdlc-500-vfy/scripts\")]\n\nfrom packages.sdlc_artifact_store import compute_sha256\nfrom packages.sdlc_runtime.authority import (\n    DELEGATED_AUTHORITY_HEADERS,\n    DELEGATED_EXCLUDED_AUTHORITY,\n    DELEGATED_INDEPENDENCE,\n)\nfrom vfy_handler import VfyHandler\n\nstate = json.load(sys.stdin)\nbindings = VfyHandler(root).confirmation_requirements(state)\nauthority_dir = root / \".sdlc/authority\"\nauthority_dir.mkdir(parents=True, exist_ok=True)\nif mode == \"human\":\n    raw = b\"decision: approved\\nauthority: product owner\\n\"\n    authority = authority_dir / f\"vfy-installed-{label}-human.txt\"\n    authority.write_bytes(raw)\n    accepted = [\n        f\"{state['artifact']['reference']}#{item['id']}\"\n        for item in state.get(\"exceptions\", [])\n        if item.get(\"state\") in {\"active\", \"carried\"}\n    ]\n    print(json.dumps({\n        \"mode\": \"human\",\n        \"confirmer\": \"installed-product-owner\",\n        \"role\": \"Product Owner\",\n        \"authority_reference\": authority.relative_to(root).as_posix() + \"@\" + compute_sha256(raw),\n        \"accepted_exception_references\": accepted,\n        \"confirmed_at\": \"2026-09-04T10:30:00Z\",\n        **bindings,\n    }, sort_keys=True))\n    raise SystemExit(0)\nif mode != \"delegated\":\n    raise SystemExit(\"unsupported confirmation mode\")\nbasis = authority_dir / f\"vfy-installed-{label}-delegation.txt\"\nbasis.write_text(\"Independent deterministic VFY contract review authority.\\n\", encoding=\"utf-8\")\nbasis_reference = basis.relative_to(root).as_posix() + \"@\" + compute_sha256(basis.read_bytes())\nreviewer = \"installed-independent-reviewer\"\nexecutors = {\n    item[\"executor_identity\"]\n    for item in state[\"methods\"]\n    if item[\"disposition\"] in {\"required\", \"embedded\"}\n}\nif len(executors) != 1:\n    raise SystemExit(\"installed fixture requires one exact Executor identity\")\nexecutor = next(iter(executors))\nvalues = (\n    basis_reference,\n    reviewer,\n    \"Delegated Independent Reviewer\",\n    executor,\n    DELEGATED_INDEPENDENCE,\n    bindings[\"control_input_digest\"],\n    bindings[\"evaluation_contract_set\"],\n    bindings[\"check_set_result_digest\"],\n    DELEGATED_EXCLUDED_AUTHORITY,\n)\nraw = (\"\\n\".join((\n    \"---\",\n    \"contract: sdlc-ai-spec/final-confirmation-authority/v1\",\n    f\"artifact: {state['artifact']['reference']}\",\n    \"decision: approved\",\n    \"decided_at: 2026-09-04T10:30:00Z\",\n    \"---\",\n    \"\",\n    \"| \" + \" | \".join(DELEGATED_AUTHORITY_HEADERS) + \" |\",\n    \"|\" + \"|\".join(\"---\" for _ in DELEGATED_AUTHORITY_HEADERS) + \"|\",\n    \"| \" + \" | \".join(values) + \" |\",\n)) + \"\\n\").encode(\"utf-8\")\nauthority = authority_dir / f\"vfy-installed-{label}-confirmation.md\"\nauthority.write_bytes(raw)\nprint(json.dumps({\n    \"mode\": \"delegated\",\n    \"confirmer\": reviewer,\n    \"role\": \"Delegated Independent Reviewer\",\n    \"reviewed_executor\": executor,\n    \"authority_reference\": authority.relative_to(root).as_posix() + \"@\" + compute_sha256(raw),\n    \"accepted_exception_references\": [],\n    \"confirmed_at\": \"2026-09-04T10:30:00Z\",\n    **bindings,\n}, sort_keys=True))\n",
        "/var/folders/k9/zv9qrcrn1f32drkcdhms3gx80000gn/T/vfy-installed-_cnw1nnt/plugin",
        "/var/folders/k9/zv9qrcrn1f32drkcdhms3gx80000gn/T/vfy-installed-_cnw1nnt/project",
        "pass",
        "delegated"
      ],
      "cwd": "/var/folders/k9/zv9qrcrn1f32drkcdhms3gx80000gn/T/vfy-installed-_cnw1nnt/project",
      "exit_code": 0,
      "name": "delegated_confirmation_pass",
      "stderr_sha256": "e3b0c44298fc1c149afbf4c8996fb92427ae41e4649b934ca495991b7852b855",
      "stdout_sha256": "ca4441cd57b607ea6a218f8466e8d7cc47d1a4fc6e33f76be9a1b3a4cd521c4a"
    },
    {
      "command": [
        "/opt/homebrew/opt/python@3.14/bin/python3.14",
        "/var/folders/k9/zv9qrcrn1f32drkcdhms3gx80000gn/T/vfy-installed-_cnw1nnt/plugin/skills/sdlc-500-vfy/scripts/runtime.py",
        "run",
        "--project-root",
        "/var/folders/k9/zv9qrcrn1f32drkcdhms3gx80000gn/T/vfy-installed-_cnw1nnt/project",
        "--reference",
        "VFY-20260906031134-01@1",
        "--output",
        "json"
      ],
      "cwd": "/var/folders/k9/zv9qrcrn1f32drkcdhms3gx80000gn/T/vfy-installed-_cnw1nnt/project",
      "exit_code": 0,
      "name": "finalize",
      "stderr_sha256": "e3b0c44298fc1c149afbf4c8996fb92427ae41e4649b934ca495991b7852b855",
      "stdout_sha256": "24efa6377722b2b08284a1f65c0bc1222bf439ff858fcf6fd5c8030165c595f4"
    },
    {
      "command": [
        "/opt/homebrew/opt/python@3.14/bin/python3.14",
        "/var/folders/k9/zv9qrcrn1f32drkcdhms3gx80000gn/T/vfy-installed-_cnw1nnt/plugin/skills/sdlc-500-vfy/scripts/runtime.py",
        "check",
        "--project-root",
        "/var/folders/k9/zv9qrcrn1f32drkcdhms3gx80000gn/T/vfy-installed-_cnw1nnt/project",
        "--reference",
        "VFY-20260906031134-01@1",
        "--output",
        "json"
      ],
      "cwd": "/var/folders/k9/zv9qrcrn1f32drkcdhms3gx80000gn/T/vfy-installed-_cnw1nnt/project",
      "exit_code": 0,
      "name": "check",
      "stderr_sha256": "e3b0c44298fc1c149afbf4c8996fb92427ae41e4649b934ca495991b7852b855",
      "stdout_sha256": "df160ce45756f619dd6b625cbde885969b50fb332076dd3b6654fc1a9c71b85f"
    },
    {
      "command": [
        "/opt/homebrew/opt/python@3.14/bin/python3.14",
        "/var/folders/k9/zv9qrcrn1f32drkcdhms3gx80000gn/T/vfy-installed-_cnw1nnt/plugin/skills/sdlc-500-vfy/scripts/runtime.py",
        "revise",
        "--project-root",
        "/var/folders/k9/zv9qrcrn1f32drkcdhms3gx80000gn/T/vfy-installed-_cnw1nnt/project",
        "--reference",
        "VFY-20260906031134-01@1",
        "--output",
        "json",
        "--input",
        "PLN-20260904010000-01@1",
        "--input",
        "IMP-20260904010000-01@1/RESULT-RES-001"
      ],
      "cwd": "/var/folders/k9/zv9qrcrn1f32drkcdhms3gx80000gn/T/vfy-installed-_cnw1nnt/project",
      "exit_code": 0,
      "name": "revise",
      "stderr_sha256": "e3b0c44298fc1c149afbf4c8996fb92427ae41e4649b934ca495991b7852b855",
      "stdout_sha256": "6399467623e61ed86de9755b1a10496e393d3c7af20205f11538d5a2ef61105e"
    },
    {
      "command": [
        "/opt/homebrew/opt/python@3.14/bin/python3.14",
        "/var/folders/k9/zv9qrcrn1f32drkcdhms3gx80000gn/T/vfy-installed-_cnw1nnt/plugin/skills/sdlc-500-vfy/scripts/runtime.py",
        "create",
        "--project-root",
        "/var/folders/k9/zv9qrcrn1f32drkcdhms3gx80000gn/T/vfy-installed-_cnw1nnt/return-project",
        "--output",
        "json",
        "--input",
        "PLN-20260904010000-01@1",
        "--input",
        "IMP-20260904010000-01@1/RESULT-RES-001"
      ],
      "cwd": "/var/folders/k9/zv9qrcrn1f32drkcdhms3gx80000gn/T/vfy-installed-_cnw1nnt/return-project",
      "exit_code": 0,
      "name": "return_create",
      "stderr_sha256": "e3b0c44298fc1c149afbf4c8996fb92427ae41e4649b934ca495991b7852b855",
      "stdout_sha256": "b5f62306e17cb49099638a2ff7d8dbe63063f0e0010c952eb888c53221b92227"
    },
    {
      "command": [
        "/opt/homebrew/opt/python@3.14/bin/python3.14",
        "/var/folders/k9/zv9qrcrn1f32drkcdhms3gx80000gn/T/vfy-installed-_cnw1nnt/plugin/skills/sdlc-500-vfy/scripts/runtime.py",
        "run",
        "--project-root",
        "/var/folders/k9/zv9qrcrn1f32drkcdhms3gx80000gn/T/vfy-installed-_cnw1nnt/return-project",
        "--reference",
        "VFY-20260906031135-01@1",
        "--output",
        "json"
      ],
      "cwd": "/var/folders/k9/zv9qrcrn1f32drkcdhms3gx80000gn/T/vfy-installed-_cnw1nnt/return-project",
      "exit_code": 0,
      "name": "return",
      "stderr_sha256": "e3b0c44298fc1c149afbf4c8996fb92427ae41e4649b934ca495991b7852b855",
      "stdout_sha256": "80d5e9220e918cdf9fa5c3655e1efad960e76edab481a7f8abf2b30cb16e1045"
    },
    {
      "command": [
        "/opt/homebrew/opt/python@3.14/bin/python3.14",
        "-c",
        "\nimport json\nfrom pathlib import Path\nimport sys\n\ninstalled = Path(sys.argv[1])\nroot = Path(sys.argv[2])\nlabel = sys.argv[3]\nmode = sys.argv[4]\nsys.path[:0] = [str(installed), str(installed / \"skills/sdlc-500-vfy/scripts\")]\n\nfrom packages.sdlc_artifact_store import compute_sha256\nfrom packages.sdlc_runtime.authority import (\n    DELEGATED_AUTHORITY_HEADERS,\n    DELEGATED_EXCLUDED_AUTHORITY,\n    DELEGATED_INDEPENDENCE,\n)\nfrom vfy_handler import VfyHandler\n\nstate = json.load(sys.stdin)\nbindings = VfyHandler(root).confirmation_requirements(state)\nauthority_dir = root / \".sdlc/authority\"\nauthority_dir.mkdir(parents=True, exist_ok=True)\nif mode == \"human\":\n    raw = b\"decision: approved\\nauthority: product owner\\n\"\n    authority = authority_dir / f\"vfy-installed-{label}-human.txt\"\n    authority.write_bytes(raw)\n    accepted = [\n        f\"{state['artifact']['reference']}#{item['id']}\"\n        for item in state.get(\"exceptions\", [])\n        if item.get(\"state\") in {\"active\", \"carried\"}\n    ]\n    print(json.dumps({\n        \"mode\": \"human\",\n        \"confirmer\": \"installed-product-owner\",\n        \"role\": \"Product Owner\",\n        \"authority_reference\": authority.relative_to(root).as_posix() + \"@\" + compute_sha256(raw),\n        \"accepted_exception_references\": accepted,\n        \"confirmed_at\": \"2026-09-04T10:30:00Z\",\n        **bindings,\n    }, sort_keys=True))\n    raise SystemExit(0)\nif mode != \"delegated\":\n    raise SystemExit(\"unsupported confirmation mode\")\nbasis = authority_dir / f\"vfy-installed-{label}-delegation.txt\"\nbasis.write_text(\"Independent deterministic VFY contract review authority.\\n\", encoding=\"utf-8\")\nbasis_reference = basis.relative_to(root).as_posix() + \"@\" + compute_sha256(basis.read_bytes())\nreviewer = \"installed-independent-reviewer\"\nexecutors = {\n    item[\"executor_identity\"]\n    for item in state[\"methods\"]\n    if item[\"disposition\"] in {\"required\", \"embedded\"}\n}\nif len(executors) != 1:\n    raise SystemExit(\"installed fixture requires one exact Executor identity\")\nexecutor = next(iter(executors))\nvalues = (\n    basis_reference,\n    reviewer,\n    \"Delegated Independent Reviewer\",\n    executor,\n    DELEGATED_INDEPENDENCE,\n    bindings[\"control_input_digest\"],\n    bindings[\"evaluation_contract_set\"],\n    bindings[\"check_set_result_digest\"],\n    DELEGATED_EXCLUDED_AUTHORITY,\n)\nraw = (\"\\n\".join((\n    \"---\",\n    \"contract: sdlc-ai-spec/final-confirmation-authority/v1\",\n    f\"artifact: {state['artifact']['reference']}\",\n    \"decision: approved\",\n    \"decided_at: 2026-09-04T10:30:00Z\",\n    \"---\",\n    \"\",\n    \"| \" + \" | \".join(DELEGATED_AUTHORITY_HEADERS) + \" |\",\n    \"|\" + \"|\".join(\"---\" for _ in DELEGATED_AUTHORITY_HEADERS) + \"|\",\n    \"| \" + \" | \".join(values) + \" |\",\n)) + \"\\n\").encode(\"utf-8\")\nauthority = authority_dir / f\"vfy-installed-{label}-confirmation.md\"\nauthority.write_bytes(raw)\nprint(json.dumps({\n    \"mode\": \"delegated\",\n    \"confirmer\": reviewer,\n    \"role\": \"Delegated Independent Reviewer\",\n    \"reviewed_executor\": executor,\n    \"authority_reference\": authority.relative_to(root).as_posix() + \"@\" + compute_sha256(raw),\n    \"accepted_exception_references\": [],\n    \"confirmed_at\": \"2026-09-04T10:30:00Z\",\n    **bindings,\n}, sort_keys=True))\n",
        "/var/folders/k9/zv9qrcrn1f32drkcdhms3gx80000gn/T/vfy-installed-_cnw1nnt/plugin",
        "/var/folders/k9/zv9qrcrn1f32drkcdhms3gx80000gn/T/vfy-installed-_cnw1nnt/return-project",
        "return",
        "delegated"
      ],
      "cwd": "/var/folders/k9/zv9qrcrn1f32drkcdhms3gx80000gn/T/vfy-installed-_cnw1nnt/return-project",
      "exit_code": 0,
      "name": "delegated_confirmation_return",
      "stderr_sha256": "e3b0c44298fc1c149afbf4c8996fb92427ae41e4649b934ca495991b7852b855",
      "stdout_sha256": "d36a2780e48eb12f10e572a0b2539c5d8c146d4af7a5500a79854f16dc1e1cb6"
    },
    {
      "command": [
        "/opt/homebrew/opt/python@3.14/bin/python3.14",
        "/var/folders/k9/zv9qrcrn1f32drkcdhms3gx80000gn/T/vfy-installed-_cnw1nnt/plugin/skills/sdlc-500-vfy/scripts/runtime.py",
        "run",
        "--project-root",
        "/var/folders/k9/zv9qrcrn1f32drkcdhms3gx80000gn/T/vfy-installed-_cnw1nnt/return-project",
        "--reference",
        "VFY-20260906031135-01@1",
        "--output",
        "json"
      ],
      "cwd": "/var/folders/k9/zv9qrcrn1f32drkcdhms3gx80000gn/T/vfy-installed-_cnw1nnt/return-project",
      "exit_code": 0,
      "name": "return_finalize",
      "stderr_sha256": "e3b0c44298fc1c149afbf4c8996fb92427ae41e4649b934ca495991b7852b855",
      "stdout_sha256": "212367345c2984f693e3397a42d491f67988e65ee9553d3fcd78045feb9967fd"
    },
    {
      "command": [
        "/opt/homebrew/opt/python@3.14/bin/python3.14",
        "-c",
        "\nimport json\nfrom pathlib import Path\nimport sys\n\ninstalled = Path(sys.argv[1])\nsys.path[:0] = [\n    str(installed),\n    str(installed / \"skills/sdlc-status/scripts\"),\n]\nfrom packages.sdlc_lifecycle.query_vfy import project_vfy_state\nfrom vfy_projection import project_vfy_status\n\nstate = json.load(sys.stdin)\nprint(json.dumps({\n    \"lifecycle\": project_vfy_state(state).to_dict(),\n    \"status\": project_vfy_status(state),\n}, sort_keys=True))\n",
        "/var/folders/k9/zv9qrcrn1f32drkcdhms3gx80000gn/T/vfy-installed-_cnw1nnt/plugin"
      ],
      "cwd": "/var/folders/k9/zv9qrcrn1f32drkcdhms3gx80000gn/T/vfy-installed-_cnw1nnt/return-project",
      "exit_code": 0,
      "name": "lifecycle_projection",
      "stderr_sha256": "e3b0c44298fc1c149afbf4c8996fb92427ae41e4649b934ca495991b7852b855",
      "stdout_sha256": "d01a8c0109bf4d598523d2f723c73a21b27ed76136670d5de7a6afd0f7bd7bd3"
    },
    {
      "command": [
        "/opt/homebrew/opt/python@3.14/bin/python3.14",
        "/var/folders/k9/zv9qrcrn1f32drkcdhms3gx80000gn/T/vfy-installed-_cnw1nnt/plugin/skills/sdlc-500-vfy/scripts/runtime.py",
        "create",
        "--project-root",
        "/var/folders/k9/zv9qrcrn1f32drkcdhms3gx80000gn/T/vfy-installed-_cnw1nnt/exception-project",
        "--output",
        "json"
      ],
      "cwd": "/var/folders/k9/zv9qrcrn1f32drkcdhms3gx80000gn/T/vfy-installed-_cnw1nnt/exception-project",
      "exit_code": 0,
      "name": "exception_create",
      "stderr_sha256": "e3b0c44298fc1c149afbf4c8996fb92427ae41e4649b934ca495991b7852b855",
      "stdout_sha256": "8232e0bcfd06a060daa4da620ebad78bcc37b9db10496afedf61d9d2212488c8"
    },
    {
      "command": [
        "/opt/homebrew/opt/python@3.14/bin/python3.14",
        "-c",
        "\nimport json\nfrom pathlib import Path\nimport sys\n\ninstalled = Path(sys.argv[1])\nroot = Path(sys.argv[2])\nlabel = sys.argv[3]\nmode = sys.argv[4]\nsys.path[:0] = [str(installed), str(installed / \"skills/sdlc-500-vfy/scripts\")]\n\nfrom packages.sdlc_artifact_store import compute_sha256\nfrom packages.sdlc_runtime.authority import (\n    DELEGATED_AUTHORITY_HEADERS,\n    DELEGATED_EXCLUDED_AUTHORITY,\n    DELEGATED_INDEPENDENCE,\n)\nfrom vfy_handler import VfyHandler\n\nstate = json.load(sys.stdin)\nbindings = VfyHandler(root).confirmation_requirements(state)\nauthority_dir = root / \".sdlc/authority\"\nauthority_dir.mkdir(parents=True, exist_ok=True)\nif mode == \"human\":\n    raw = b\"decision: approved\\nauthority: product owner\\n\"\n    authority = authority_dir / f\"vfy-installed-{label}-human.txt\"\n    authority.write_bytes(raw)\n    accepted = [\n        f\"{state['artifact']['reference']}#{item['id']}\"\n        for item in state.get(\"exceptions\", [])\n        if item.get(\"state\") in {\"active\", \"carried\"}\n    ]\n    print(json.dumps({\n        \"mode\": \"human\",\n        \"confirmer\": \"installed-product-owner\",\n        \"role\": \"Product Owner\",\n        \"authority_reference\": authority.relative_to(root).as_posix() + \"@\" + compute_sha256(raw),\n        \"accepted_exception_references\": accepted,\n        \"confirmed_at\": \"2026-09-04T10:30:00Z\",\n        **bindings,\n    }, sort_keys=True))\n    raise SystemExit(0)\nif mode != \"delegated\":\n    raise SystemExit(\"unsupported confirmation mode\")\nbasis = authority_dir / f\"vfy-installed-{label}-delegation.txt\"\nbasis.write_text(\"Independent deterministic VFY contract review authority.\\n\", encoding=\"utf-8\")\nbasis_reference = basis.relative_to(root).as_posix() + \"@\" + compute_sha256(basis.read_bytes())\nreviewer = \"installed-independent-reviewer\"\nexecutors = {\n    item[\"executor_identity\"]\n    for item in state[\"methods\"]\n    if item[\"disposition\"] in {\"required\", \"embedded\"}\n}\nif len(executors) != 1:\n    raise SystemExit(\"installed fixture requires one exact Executor identity\")\nexecutor = next(iter(executors))\nvalues = (\n    basis_reference,\n    reviewer,\n    \"Delegated Independent Reviewer\",\n    executor,\n    DELEGATED_INDEPENDENCE,\n    bindings[\"control_input_digest\"],\n    bindings[\"evaluation_contract_set\"],\n    bindings[\"check_set_result_digest\"],\n    DELEGATED_EXCLUDED_AUTHORITY,\n)\nraw = (\"\\n\".join((\n    \"---\",\n    \"contract: sdlc-ai-spec/final-confirmation-authority/v1\",\n    f\"artifact: {state['artifact']['reference']}\",\n    \"decision: approved\",\n    \"decided_at: 2026-09-04T10:30:00Z\",\n    \"---\",\n    \"\",\n    \"| \" + \" | \".join(DELEGATED_AUTHORITY_HEADERS) + \" |\",\n    \"|\" + \"|\".join(\"---\" for _ in DELEGATED_AUTHORITY_HEADERS) + \"|\",\n    \"| \" + \" | \".join(values) + \" |\",\n)) + \"\\n\").encode(\"utf-8\")\nauthority = authority_dir / f\"vfy-installed-{label}-confirmation.md\"\nauthority.write_bytes(raw)\nprint(json.dumps({\n    \"mode\": \"delegated\",\n    \"confirmer\": reviewer,\n    \"role\": \"Delegated Independent Reviewer\",\n    \"reviewed_executor\": executor,\n    \"authority_reference\": authority.relative_to(root).as_posix() + \"@\" + compute_sha256(raw),\n    \"accepted_exception_references\": [],\n    \"confirmed_at\": \"2026-09-04T10:30:00Z\",\n    **bindings,\n}, sort_keys=True))\n",
        "/var/folders/k9/zv9qrcrn1f32drkcdhms3gx80000gn/T/vfy-installed-_cnw1nnt/plugin",
        "/var/folders/k9/zv9qrcrn1f32drkcdhms3gx80000gn/T/vfy-installed-_cnw1nnt/exception-project",
        "exception",
        "human"
      ],
      "cwd": "/var/folders/k9/zv9qrcrn1f32drkcdhms3gx80000gn/T/vfy-installed-_cnw1nnt/exception-project",
      "exit_code": 0,
      "name": "human_confirmation_exception",
      "stderr_sha256": "e3b0c44298fc1c149afbf4c8996fb92427ae41e4649b934ca495991b7852b855",
      "stdout_sha256": "53cea86c9c8fe819b44469dad292d146169c128b7b9fd4e446ff19ddd3718a72"
    },
    {
      "command": [
        "/opt/homebrew/opt/python@3.14/bin/python3.14",
        "/var/folders/k9/zv9qrcrn1f32drkcdhms3gx80000gn/T/vfy-installed-_cnw1nnt/plugin/skills/sdlc-500-vfy/scripts/runtime.py",
        "auto",
        "--project-root",
        "/var/folders/k9/zv9qrcrn1f32drkcdhms3gx80000gn/T/vfy-installed-_cnw1nnt/exception-project",
        "--output",
        "json"
      ],
      "cwd": "/var/folders/k9/zv9qrcrn1f32drkcdhms3gx80000gn/T/vfy-installed-_cnw1nnt/exception-project",
      "exit_code": 0,
      "name": "exception_finalize",
      "stderr_sha256": "e3b0c44298fc1c149afbf4c8996fb92427ae41e4649b934ca495991b7852b855",
      "stdout_sha256": "6995d49ae38e4194da1488328f5e2c32fd65b36f65801807053fb2450b3304c9"
    }
  ],
  "contract": "sdlc-ai-spec/vfy-runtime-independence-result/v1",
  "exception_projection": {
    "artifact_gate": "pass_with_exception",
    "artifact_status": "ready_with_exception",
    "product_result": "waived"
  },
  "installed_boundary": {
    "agents_present": false,
    "claude_present": false,
    "docs_present": false,
    "handoff_present": false,
    "packages": true,
    "scripts": true,
    "skills": [
      "_shared",
      "sdlc-500-vfy",
      "sdlc-status"
    ],
    "tests_present": false
  },
  "installed_digest": "437ff2a937e998b372bf47c9bddadaa24b231aa2d8b00aa69fd78e71897d9571",
  "meta_commands": [
    "help",
    "version",
    "commands",
    "examples"
  ],
  "operations": [
    "create",
    "run",
    "revise",
    "check",
    "Return",
    "Exception",
    "Lifecycle projection"
  ],
  "pass_projection": {
    "artifact_gate": "pass",
    "product_result": "pass",
    "rls_ready": false
  },
  "project_final_digest": "4963626f18285fa48ca88a6b85e9f7bb5858b8d7f3d1c1d3726425d24020956d",
  "project_initial_digest": "4963626f18285fa48ca88a6b85e9f7bb5858b8d7f3d1c1d3726425d24020956d",
  "return_project_final_digest": "4963626f18285fa48ca88a6b85e9f7bb5858b8d7f3d1c1d3726425d24020956d",
  "return_project_initial_digest": "4963626f18285fa48ca88a6b85e9f7bb5858b8d7f3d1c1d3726425d24020956d",
  "return_projection": {
    "artifact_gate": "pass",
    "artifact_reference": "VFY-20260906031135-01@1",
    "artifact_status": "ready",
    "early_stop": false,
    "next_action": "RETURN_UPSTREAM",
    "next_phase": "IMP",
    "product_result": "fail",
    "return_phase": "IMP",
    "revision_state": "frozen",
    "rls_applicability": "n/a",
    "rls_ready": false,
    "unresolved_controls": [],
    "unresolved_returns": [
      "RET-001"
    ]
  },
  "status": "PASS",
  "status_projection": {
    "artifact_gate": "pass",
    "artifact_reference": "VFY-20260906031135-01@1",
    "artifact_status": "ready",
    "display": {
      "artifact": "Artifact Gate: pass",
      "downstream": "RLS ready: no",
      "product": "Product Result: fail"
    },
    "early_stop": false,
    "next_action": "RETURN_UPSTREAM",
    "next_phase": "IMP",
    "phase": "VFY",
    "product_result": "fail",
    "return_phase": "IMP",
    "revision_state": "frozen",
    "rls_applicability": "n/a",
    "rls_ready": false,
    "unresolved_returns": [
      "RET-001"
    ]
  }
}
